Archive member included to satisfy reference by file (symbol)

d:/programme/stm32cubeide_1.5.1/stm32cubeide/plugins/com.st.stm32cube.ide.mcu.externaltools.gnu-tools-for-stm32.7-2018-q2-update.win32_1.5.0.202011040924/tools/bin/../lib/gcc/arm-none-eabi/7.3.1/../../../../arm-none-eabi/lib/thumb/v6-m\libc_nano.a(lib_a-errno.o)
                              Core/Src/syscalls.o (__errno)
d:/programme/stm32cubeide_1.5.1/stm32cubeide/plugins/com.st.stm32cube.ide.mcu.externaltools.gnu-tools-for-stm32.7-2018-q2-update.win32_1.5.0.202011040924/tools/bin/../lib/gcc/arm-none-eabi/7.3.1/../../../../arm-none-eabi/lib/thumb/v6-m\libc_nano.a(lib_a-exit.o)
                              d:/programme/stm32cubeide_1.5.1/stm32cubeide/plugins/com.st.stm32cube.ide.mcu.externaltools.gnu-tools-for-stm32.7-2018-q2-update.win32_1.5.0.202011040924/tools/bin/../lib/gcc/arm-none-eabi/7.3.1/../../../../arm-none-eabi/lib/thumb/v6-m/crt0.o (exit)
d:/programme/stm32cubeide_1.5.1/stm32cubeide/plugins/com.st.stm32cube.ide.mcu.externaltools.gnu-tools-for-stm32.7-2018-q2-update.win32_1.5.0.202011040924/tools/bin/../lib/gcc/arm-none-eabi/7.3.1/../../../../arm-none-eabi/lib/thumb/v6-m\libc_nano.a(lib_a-impure.o)
                              d:/programme/stm32cubeide_1.5.1/stm32cubeide/plugins/com.st.stm32cube.ide.mcu.externaltools.gnu-tools-for-stm32.7-2018-q2-update.win32_1.5.0.202011040924/tools/bin/../lib/gcc/arm-none-eabi/7.3.1/../../../../arm-none-eabi/lib/thumb/v6-m\libc_nano.a(lib_a-exit.o) (_global_impure_ptr)
d:/programme/stm32cubeide_1.5.1/stm32cubeide/plugins/com.st.stm32cube.ide.mcu.externaltools.gnu-tools-for-stm32.7-2018-q2-update.win32_1.5.0.202011040924/tools/bin/../lib/gcc/arm-none-eabi/7.3.1/../../../../arm-none-eabi/lib/thumb/v6-m\libc_nano.a(lib_a-init.o)
                              d:/programme/stm32cubeide_1.5.1/stm32cubeide/plugins/com.st.stm32cube.ide.mcu.externaltools.gnu-tools-for-stm32.7-2018-q2-update.win32_1.5.0.202011040924/tools/bin/../lib/gcc/arm-none-eabi/7.3.1/../../../../arm-none-eabi/lib/thumb/v6-m/crt0.o (__libc_init_array)
d:/programme/stm32cubeide_1.5.1/stm32cubeide/plugins/com.st.stm32cube.ide.mcu.externaltools.gnu-tools-for-stm32.7-2018-q2-update.win32_1.5.0.202011040924/tools/bin/../lib/gcc/arm-none-eabi/7.3.1/../../../../arm-none-eabi/lib/thumb/v6-m\libc_nano.a(lib_a-memset.o)
                              d:/programme/stm32cubeide_1.5.1/stm32cubeide/plugins/com.st.stm32cube.ide.mcu.externaltools.gnu-tools-for-stm32.7-2018-q2-update.win32_1.5.0.202011040924/tools/bin/../lib/gcc/arm-none-eabi/7.3.1/../../../../arm-none-eabi/lib/thumb/v6-m/crt0.o (memset)
d:/programme/stm32cubeide_1.5.1/stm32cubeide/plugins/com.st.stm32cube.ide.mcu.externaltools.gnu-tools-for-stm32.7-2018-q2-update.win32_1.5.0.202011040924/tools/bin/../lib/gcc/arm-none-eabi/7.3.1/thumb/v6-m\libgcc.a(_udivsi3.o)
                              Core/Src/system_stm32l0xx.o (__aeabi_uidiv)
d:/programme/stm32cubeide_1.5.1/stm32cubeide/plugins/com.st.stm32cube.ide.mcu.externaltools.gnu-tools-for-stm32.7-2018-q2-update.win32_1.5.0.202011040924/tools/bin/../lib/gcc/arm-none-eabi/7.3.1/thumb/v6-m\libgcc.a(_dvmd_tls.o)
                              d:/programme/stm32cubeide_1.5.1/stm32cubeide/plugins/com.st.stm32cube.ide.mcu.externaltools.gnu-tools-for-stm32.7-2018-q2-update.win32_1.5.0.202011040924/tools/bin/../lib/gcc/arm-none-eabi/7.3.1/thumb/v6-m\libgcc.a(_udivsi3.o) (__aeabi_idiv0)
d:/programme/stm32cubeide_1.5.1/stm32cubeide/plugins/com.st.stm32cube.ide.mcu.externaltools.gnu-tools-for-stm32.7-2018-q2-update.win32_1.5.0.202011040924/tools/bin/../lib/gcc/arm-none-eabi/7.3.1/thumb/v6-m\libgcc.a(_arm_cmpsf2.o)
                              Core/Src/controller.o (__aeabi_fcmplt)
d:/programme/stm32cubeide_1.5.1/stm32cubeide/plugins/com.st.stm32cube.ide.mcu.externaltools.gnu-tools-for-stm32.7-2018-q2-update.win32_1.5.0.202011040924/tools/bin/../lib/gcc/arm-none-eabi/7.3.1/thumb/v6-m\libgcc.a(_aeabi_uldivmod.o)
                              Drivers/STM32L0xx_HAL_Driver/Src/stm32l0xx_hal_rcc.o (__aeabi_uldivmod)
d:/programme/stm32cubeide_1.5.1/stm32cubeide/plugins/com.st.stm32cube.ide.mcu.externaltools.gnu-tools-for-stm32.7-2018-q2-update.win32_1.5.0.202011040924/tools/bin/../lib/gcc/arm-none-eabi/7.3.1/thumb/v6-m\libgcc.a(_muldi3.o)
                              Drivers/STM32L0xx_HAL_Driver/Src/stm32l0xx_hal_rcc.o (__aeabi_lmul)
d:/programme/stm32cubeide_1.5.1/stm32cubeide/plugins/com.st.stm32cube.ide.mcu.externaltools.gnu-tools-for-stm32.7-2018-q2-update.win32_1.5.0.202011040924/tools/bin/../lib/gcc/arm-none-eabi/7.3.1/thumb/v6-m\libgcc.a(_udivmoddi4.o)
                              d:/programme/stm32cubeide_1.5.1/stm32cubeide/plugins/com.st.stm32cube.ide.mcu.externaltools.gnu-tools-for-stm32.7-2018-q2-update.win32_1.5.0.202011040924/tools/bin/../lib/gcc/arm-none-eabi/7.3.1/thumb/v6-m\libgcc.a(_aeabi_uldivmod.o) (__udivmoddi4)
[...]
Memory Configuration

Name             Origin             Length             Attributes
RAM              0x0000000020000000 0x0000000000002000 xrw
FLASH            0x0000000008000000 0x0000000000010000 xr
*default*        0x0000000000000000 0xffffffffffffffff

Linker script and memory map

LOAD d:/programme/stm32cubeide_1.5.1/stm32cubeide/plugins/com.st.stm32cube.ide.mcu.externaltools.gnu-tools-for-stm32.7-2018-q2-update.win32_1.5.0.202011040924/tools/bin/../lib/gcc/arm-none-eabi/7.3.1/thumb/v6-m/crti.o
LOAD d:/programme/stm32cubeide_1.5.1/stm32cubeide/plugins/com.st.stm32cube.ide.mcu.externaltools.gnu-tools-for-stm32.7-2018-q2-update.win32_1.5.0.202011040924/tools/bin/../lib/gcc/arm-none-eabi/7.3.1/thumb/v6-m/crtbegin.o
LOAD d:/programme/stm32cubeide_1.5.1/stm32cubeide/plugins/com.st.stm32cube.ide.mcu.externaltools.gnu-tools-for-stm32.7-2018-q2-update.win32_1.5.0.202011040924/tools/bin/../lib/gcc/arm-none-eabi/7.3.1/../../../../arm-none-eabi/lib/thumb/v6-m/crt0.o
LOAD Core/Src/controller.o
LOAD Core/Src/global_config.o
LOAD Core/Src/gpio.o
LOAD Core/Src/lptim.o
LOAD Core/Src/main.o
LOAD Core/Src/state_machine.o
LOAD Core/Src/stm32l0xx_hal_msp.o
LOAD Core/Src/stm32l0xx_it.o
LOAD Core/Src/syscalls.o
LOAD Core/Src/sysmem.o
LOAD Core/Src/system_stm32l0xx.o
LOAD Core/Src/tim.o
LOAD Core/Src/usart.o
LOAD Core/Startup/startup_stm32l053r8tx.o
LOAD Drivers/STM32L0xx_HAL_Driver/Src/stm32l0xx_hal.o
LOAD Drivers/STM32L0xx_HAL_Driver/Src/stm32l0xx_hal_cortex.o
LOAD Drivers/STM32L0xx_HAL_Driver/Src/stm32l0xx_hal_dma.o
LOAD Drivers/STM32L0xx_HAL_Driver/Src/stm32l0xx_hal_exti.o
LOAD Drivers/STM32L0xx_HAL_Driver/Src/stm32l0xx_hal_flash.o
LOAD Drivers/STM32L0xx_HAL_Driver/Src/stm32l0xx_hal_flash_ex.o
LOAD Drivers/STM32L0xx_HAL_Driver/Src/stm32l0xx_hal_flash_ramfunc.o
LOAD Drivers/STM32L0xx_HAL_Driver/Src/stm32l0xx_hal_gpio.o
LOAD Drivers/STM32L0xx_HAL_Driver/Src/stm32l0xx_hal_i2c.o
LOAD Drivers/STM32L0xx_HAL_Driver/Src/stm32l0xx_hal_i2c_ex.o
LOAD Drivers/STM32L0xx_HAL_Driver/Src/stm32l0xx_hal_lptim.o
LOAD Drivers/STM32L0xx_HAL_Driver/Src/stm32l0xx_hal_pwr.o
LOAD Drivers/STM32L0xx_HAL_Driver/Src/stm32l0xx_hal_pwr_ex.o
LOAD Drivers/STM32L0xx_HAL_Driver/Src/stm32l0xx_hal_rcc.o
LOAD Drivers/STM32L0xx_HAL_Driver/Src/stm32l0xx_hal_rcc_ex.o
LOAD Drivers/STM32L0xx_HAL_Driver/Src/stm32l0xx_hal_tim.o
LOAD Drivers/STM32L0xx_HAL_Driver/Src/stm32l0xx_hal_tim_ex.o
LOAD Drivers/STM32L0xx_HAL_Driver/Src/stm32l0xx_hal_uart.o
LOAD Drivers/STM32L0xx_HAL_Driver/Src/stm32l0xx_hal_uart_ex.o
START GROUP
LOAD d:/programme/stm32cubeide_1.5.1/stm32cubeide/plugins/com.st.stm32cube.ide.mcu.externaltools.gnu-tools-for-stm32.7-2018-q2-update.win32_1.5.0.202011040924/tools/bin/../lib/gcc/arm-none-eabi/7.3.1/../../../../arm-none-eabi/lib/thumb/v6-m\libc_nano.a
LOAD d:/programme/stm32cubeide_1.5.1/stm32cubeide/plugins/com.st.stm32cube.ide.mcu.externaltools.gnu-tools-for-stm32.7-2018-q2-update.win32_1.5.0.202011040924/tools/bin/../lib/gcc/arm-none-eabi/7.3.1/../../../../arm-none-eabi/lib/thumb/v6-m\libm.a
END GROUP
START GROUP
LOAD d:/programme/stm32cubeide_1.5.1/stm32cubeide/plugins/com.st.stm32cube.ide.mcu.externaltools.gnu-tools-for-stm32.7-2018-q2-update.win32_1.5.0.202011040924/tools/bin/../lib/gcc/arm-none-eabi/7.3.1/thumb/v6-m\libgcc.a
LOAD d:/programme/stm32cubeide_1.5.1/stm32cubeide/plugins/com.st.stm32cube.ide.mcu.externaltools.gnu-tools-for-stm32.7-2018-q2-update.win32_1.5.0.202011040924/tools/bin/../lib/gcc/arm-none-eabi/7.3.1/../../../../arm-none-eabi/lib/thumb/v6-m\libc_nano.a
END GROUP
START GROUP
LOAD d:/programme/stm32cubeide_1.5.1/stm32cubeide/plugins/com.st.stm32cube.ide.mcu.externaltools.gnu-tools-for-stm32.7-2018-q2-update.win32_1.5.0.202011040924/tools/bin/../lib/gcc/arm-none-eabi/7.3.1/thumb/v6-m\libgcc.a
LOAD d:/programme/stm32cubeide_1.5.1/stm32cubeide/plugins/com.st.stm32cube.ide.mcu.externaltools.gnu-tools-for-stm32.7-2018-q2-update.win32_1.5.0.202011040924/tools/bin/../lib/gcc/arm-none-eabi/7.3.1/../../../../arm-none-eabi/lib/thumb/v6-m\libc_nano.a
LOAD d:/programme/stm32cubeide_1.5.1/stm32cubeide/plugins/com.st.stm32cube.ide.mcu.externaltools.gnu-tools-for-stm32.7-2018-q2-update.win32_1.5.0.202011040924/tools/bin/../lib/gcc/arm-none-eabi/7.3.1/../../../../arm-none-eabi/lib/thumb/v6-m\libnosys.a
END GROUP
START GROUP
LOAD d:/programme/stm32cubeide_1.5.1/stm32cubeide/plugins/com.st.stm32cube.ide.mcu.externaltools.gnu-tools-for-stm32.7-2018-q2-update.win32_1.5.0.202011040924/tools/bin/../lib/gcc/arm-none-eabi/7.3.1/thumb/v6-m\libgcc.a
LOAD d:/programme/stm32cubeide_1.5.1/stm32cubeide/plugins/com.st.stm32cube.ide.mcu.externaltools.gnu-tools-for-stm32.7-2018-q2-update.win32_1.5.0.202011040924/tools/bin/../lib/gcc/arm-none-eabi/7.3.1/../../../../arm-none-eabi/lib/thumb/v6-m\libc_nano.a
LOAD d:/programme/stm32cubeide_1.5.1/stm32cubeide/plugins/com.st.stm32cube.ide.mcu.externaltools.gnu-tools-for-stm32.7-2018-q2-update.win32_1.5.0.202011040924/tools/bin/../lib/gcc/arm-none-eabi/7.3.1/../../../../arm-none-eabi/lib/thumb/v6-m\libnosys.a
END GROUP
LOAD d:/programme/stm32cubeide_1.5.1/stm32cubeide/plugins/com.st.stm32cube.ide.mcu.externaltools.gnu-tools-for-stm32.7-2018-q2-update.win32_1.5.0.202011040924/tools/bin/../lib/gcc/arm-none-eabi/7.3.1/thumb/v6-m/crtend.o
LOAD d:/programme/stm32cubeide_1.5.1/stm32cubeide/plugins/com.st.stm32cube.ide.mcu.externaltools.gnu-tools-for-stm32.7-2018-q2-update.win32_1.5.0.202011040924/tools/bin/../lib/gcc/arm-none-eabi/7.3.1/thumb/v6-m/crtn.o
                0x0000000020002000                _estack = (ORIGIN (RAM) + LENGTH (RAM))
                0x0000000000000200                _Min_Heap_Size = 0x200
                0x0000000000000400                _Min_Stack_Size = 0x400

.isr_vector     0x0000000008000000       0xc0
                0x0000000008000000                . = ALIGN (0x4)
 *(.isr_vector)
 .isr_vector    0x0000000008000000       0xc0 Core/Startup/startup_stm32l053r8tx.o
                0x0000000008000000                g_pfnVectors
                0x00000000080000c0                . = ALIGN (0x4)

.text           0x00000000080000c0     0x5db0
                0x00000000080000c0                . = ALIGN (0x4)
 *(.text)
 .text          0x00000000080000c0       0x48 d:/programme/stm32cubeide_1.5.1/stm32cubeide/plugins/com.st.stm32cube.ide.mcu.externaltools.gnu-tools-for-stm32.7-2018-q2-update.win32_1.5.0.202011040924/tools/bin/../lib/gcc/arm-none-eabi/7.3.1/thumb/v6-m/crtbegin.o
 .text          0x0000000008000108      0x114 d:/programme/stm32cubeide_1.5.1/stm32cubeide/plugins/com.st.stm32cube.ide.mcu.externaltools.gnu-tools-for-stm32.7-2018-q2-update.win32_1.5.0.202011040924/tools/bin/../lib/gcc/arm-none-eabi/7.3.1/thumb/v6-m\libgcc.a(_udivsi3.o)
                0x0000000008000108                __aeabi_uidiv
                0x0000000008000108                __udivsi3
                0x0000000008000214                __aeabi_uidivmod
 .text          0x000000000800021c        0x4 d:/programme/stm32cubeide_1.5.1/stm32cubeide/plugins/com.st.stm32cube.ide.mcu.externaltools.gnu-tools-for-stm32.7-2018-q2-update.win32_1.5.0.202011040924/tools/bin/../lib/gcc/arm-none-eabi/7.3.1/thumb/v6-m\libgcc.a(_dvmd_tls.o)
                0x000000000800021c                __aeabi_idiv0
                0x000000000800021c                __aeabi_ldiv0
 .text          0x0000000008000220       0x74 d:/programme/stm32cubeide_1.5.1/stm32cubeide/plugins/com.st.stm32cube.ide.mcu.externaltools.gnu-tools-for-stm32.7-2018-q2-update.win32_1.5.0.202011040924/tools/bin/../lib/gcc/arm-none-eabi/7.3.1/thumb/v6-m\libgcc.a(_arm_cmpsf2.o)
                0x0000000008000220                __aeabi_cfrcmple
                0x0000000008000228                __aeabi_cfcmpeq
                0x0000000008000228                __aeabi_cfcmple
                0x0000000008000238                __aeabi_fcmpeq
                0x0000000008000244                __aeabi_fcmplt
                0x0000000008000258                __aeabi_fcmple
                0x000000000800026c                __aeabi_fcmpgt
                0x0000000008000280                __aeabi_fcmpge
 .text          0x0000000008000294       0x40 d:/programme/stm32cubeide_1.5.1/stm32cubeide/plugins/com.st.stm32cube.ide.mcu.externaltools.gnu-tools-for-stm32.7-2018-q2-update.win32_1.5.0.202011040924/tools/bin/../lib/gcc/arm-none-eabi/7.3.1/thumb/v6-m\libgcc.a(_aeabi_uldivmod.o)
                0x0000000008000294                __aeabi_uldivmod
 .text          0x00000000080002d4       0x54 d:/programme/stm32cubeide_1.5.1/stm32cubeide/plugins/com.st.stm32cube.ide.mcu.externaltools.gnu-tools-for-stm32.7-2018-q2-update.win32_1.5.0.202011040924/tools/bin/../lib/gcc/arm-none-eabi/7.3.1/thumb/v6-m\libgcc.a(_muldi3.o)
                0x00000000080002d4                __muldi3
                0x00000000080002d4                __aeabi_lmul
 .text          0x0000000008000328      0x184 d:/programme/stm32cubeide_1.5.1/stm32cubeide/plugins/com.st.stm32cube.ide.mcu.externaltools.gnu-tools-for-stm32.7-2018-q2-update.win32_1.5.0.202011040924/tools/bin/../lib/gcc/arm-none-eabi/7.3.1/thumb/v6-m\libgcc.a(_udivmoddi4.o)
                0x0000000008000328                __udivmoddi4
 .text          0x00000000080004ac      0x334 d:/programme/stm32cubeide_1.5.1/stm32cubeide/plugins/com.st.stm32cube.ide.mcu.externaltools.gnu-tools-for-stm32.7-2018-q2-update.win32_1.5.0.202011040924/tools/bin/../lib/gcc/arm-none-eabi/7.3.1/thumb/v6-m\libgcc.a(addsf3.o)
                0x00000000080004ac                __aeabi_fadd
 .text          0x00000000080007e0       0x50 d:/programme/stm32cubeide_1.5.1/stm32cubeide/plugins/com.st.stm32cube.ide.mcu.externaltools.gnu-tools-for-stm32.7-2018-q2-update.win32_1.5.0.202011040924/tools/bin/../lib/gcc/arm-none-eabi/7.3.1/thumb/v6-m\libgcc.a(eqsf2.o)
                0x00000000080007e0                __eqsf2
                0x00000000080007e0                __nesf2
 .text          0x0000000008000830       0x9c d:/programme/stm32cubeide_1.5.1/stm32cubeide/plugins/com.st.stm32cube.ide.mcu.externaltools.gnu-tools-for-stm32.7-2018-q2-update.win32_1.5.0.202011040924/tools/bin/../lib/gcc/arm-none-eabi/7.3.1/thumb/v6-m\libgcc.a(gesf2.o)
                0x0000000008000830                __gesf2
                0x0000000008000830                __gtsf2
 .text          0x00000000080008cc       0xa0 d:/programme/stm32cubeide_1.5.1/stm32cubeide/plugins/com.st.stm32cube.ide.mcu.externaltools.gnu-tools-for-stm32.7-2018-q2-update.win32_1.5.0.202011040924/tools/bin/../lib/gcc/arm-none-eabi/7.3.1/thumb/v6-m\libgcc.a(lesf2.o)
                0x00000000080008cc                __ltsf2
                0x00000000080008cc                __lesf2
 .text          0x000000000800096c      0x264 d:/programme/stm32cubeide_1.5.1/stm32cubeide/plugins/com.st.stm32cube.ide.mcu.externaltools.gnu-tools-for-stm32.7-2018-q2-update.win32_1.5.0.202011040924/tools/bin/../lib/gcc/arm-none-eabi/7.3.1/thumb/v6-m\libgcc.a(mulsf3.o)
                0x000000000800096c                __aeabi_fmul
 .text          0x0000000008000bd0      0x388 d:/programme/stm32cubeide_1.5.1/stm32cubeide/plugins/com.st.stm32cube.ide.mcu.externaltools.gnu-tools-for-stm32.7-2018-q2-update.win32_1.5.0.202011040924/tools/bin/../lib/gcc/arm-none-eabi/7.3.1/thumb/v6-m\libgcc.a(subsf3.o)
                0x0000000008000bd0                __aeabi_fsub
 .text          0x0000000008000f58       0x94 d:/programme/stm32cubeide_1.5.1/stm32cubeide/plugins/com.st.stm32cube.ide.mcu.externaltools.gnu-tools-for-stm32.7-2018-q2-update.win32_1.5.0.202011040924/tools/bin/../lib/gcc/arm-none-eabi/7.3.1/thumb/v6-m\libgcc.a(floatsisf.o)
                0x0000000008000f58                __aeabi_i2f
 .text          0x0000000008000fec       0x80 d:/programme/stm32cubeide_1.5.1/stm32cubeide/plugins/com.st.stm32cube.ide.mcu.externaltools.gnu-tools-for-stm32.7-2018-q2-update.win32_1.5.0.202011040924/tools/bin/../lib/gcc/arm-none-eabi/7.3.1/thumb/v6-m\libgcc.a(floatunsisf.o)
                0x0000000008000fec                __aeabi_ui2f
 .text          0x000000000800106c       0x3c d:/programme/stm32cubeide_1.5.1/stm32cubeide/plugins/com.st.stm32cube.ide.mcu.externaltools.gnu-tools-for-stm32.7-2018-q2-update.win32_1.5.0.202011040924/tools/bin/../lib/gcc/arm-none-eabi/7.3.1/thumb/v6-m\libgcc.a(_clzsi2.o)
                0x000000000800106c                __clzsi2
 .text          0x00000000080010a8       0x18 d:/programme/stm32cubeide_1.5.1/stm32cubeide/plugins/com.st.stm32cube.ide.mcu.externaltools.gnu-tools-for-stm32.7-2018-q2-update.win32_1.5.0.202011040924/tools/bin/../lib/gcc/arm-none-eabi/7.3.1/thumb/v6-m\libgcc.a(_clzdi2.o)
                0x00000000080010a8                __clzdi2
 *(.text*)
 .text.pi_controller
                0x00000000080010c0      0x164 Core/Src/controller.o
                0x00000000080010c0                pi_controller
 .text.MX_GPIO_Init
                0x0000000008001224      0x15c Core/Src/gpio.o
                0x0000000008001224                MX_GPIO_Init
 .text.MX_LPTIM1_Init
                0x0000000008001380       0x5c Core/Src/lptim.o
                0x0000000008001380                MX_LPTIM1_Init
 .text.HAL_LPTIM_MspInit
                0x00000000080013dc       0x98 Core/Src/lptim.o
                0x00000000080013dc                HAL_LPTIM_MspInit
 .text.main     0x0000000008001474       0x7c Core/Src/main.o
                0x0000000008001474                main
 .text.SystemClock_Config
                0x00000000080014f0       0xf4 Core/Src/main.o
                0x00000000080014f0                SystemClock_Config
 .text.HAL_UART_RxCpltCallback
                0x00000000080015e4       0x24 Core/Src/main.o
                0x00000000080015e4                HAL_UART_RxCpltCallback
 .text.HAL_UART_TxCpltCallback
                0x0000000008001608       0x12 Core/Src/main.o
                0x0000000008001608                HAL_UART_TxCpltCallback
 *fill*         0x000000000800161a        0x2 
 .text.HAL_LPTIM_AutoReloadMatchCallback
                0x000000000800161c       0x1c Core/Src/main.o
                0x000000000800161c                HAL_LPTIM_AutoReloadMatchCallback
 .text.Error_Handler
                0x0000000008001638        0x8 Core/Src/main.o
                0x0000000008001638                Error_Handler
 .text.statemachine_process
                0x0000000008001640       0x44 Core/Src/state_machine.o
                0x0000000008001640                statemachine_process
 .text.statemachine_standby_state
                0x0000000008001684       0x1c Core/Src/state_machine.o
                0x0000000008001684                statemachine_standby_state
 .text.statemachine_init_state
                0x00000000080016a0       0x30 Core/Src/state_machine.o
                0x00000000080016a0                statemachine_init_state
 .text.statemachine_set_state
                0x00000000080016d0       0x60 Core/Src/state_machine.o
                0x00000000080016d0                statemachine_set_state
 .text.statemachine_standard_state
                0x0000000008001730       0x50 Core/Src/state_machine.o
                0x0000000008001730                statemachine_standard_state
 .text.statemachine_controlled_state
                0x0000000008001780       0x40 Core/Src/state_machine.o
                0x0000000008001780                statemachine_controlled_state
 .text.start_timers
                0x00000000080017c0       0x80 Core/Src/state_machine.o
                0x00000000080017c0                start_timers
 .text.reset_all_pwm
                0x0000000008001840       0x28 Core/Src/state_machine.o
                0x0000000008001840                reset_all_pwm
 .text.stop_timers
                0x0000000008001868       0x68 Core/Src/state_machine.o
                0x0000000008001868                stop_timers
 .text.set_pwm  0x00000000080018d0       0x5c Core/Src/state_machine.o
                0x00000000080018d0                set_pwm
 .text.switch_direction
                0x000000000800192c       0x1c Core/Src/state_machine.o
                0x000000000800192c                switch_direction
 .text.toggle_all_gpio
                0x0000000008001948       0x7c Core/Src/state_machine.o
                0x0000000008001948                toggle_all_gpio
 .text.HAL_MspInit
                0x00000000080019c4       0x28 Core/Src/stm32l0xx_hal_msp.o
                0x00000000080019c4                HAL_MspInit
 .text.NMI_Handler
                0x00000000080019ec        0x6 Core/Src/stm32l0xx_it.o
                0x00000000080019ec                NMI_Handler
 .text.HardFault_Handler
                0x00000000080019f2        0x6 Core/Src/stm32l0xx_it.o
                0x00000000080019f2                HardFault_Handler
 .text.SVC_Handler
                0x00000000080019f8        0xa Core/Src/stm32l0xx_it.o
                0x00000000080019f8                SVC_Handler
 .text.PendSV_Handler
                0x0000000008001a02        0xa Core/Src/stm32l0xx_it.o
                0x0000000008001a02                PendSV_Handler
 .text.SysTick_Handler
                0x0000000008001a0c        0xe Core/Src/stm32l0xx_it.o
                0x0000000008001a0c                SysTick_Handler
 *fill*         0x0000000008001a1a        0x2 
 .text.LPTIM1_IRQHandler
                0x0000000008001a1c       0x18 Core/Src/stm32l0xx_it.o
                0x0000000008001a1c                LPTIM1_IRQHandler
 .text.USART2_IRQHandler
                0x0000000008001a34       0x18 Core/Src/stm32l0xx_it.o
                0x0000000008001a34                USART2_IRQHandler
 .text.SystemInit
                0x0000000008001a4c        0xa Core/Src/system_stm32l0xx.o
                0x0000000008001a4c                SystemInit
 *fill*         0x0000000008001a56        0x2 
 .text.MX_TIM2_Init
                0x0000000008001a58      0x124 Core/Src/tim.o
                0x0000000008001a58                MX_TIM2_Init
 .text.MX_TIM21_Init
                0x0000000008001b7c       0xd4 Core/Src/tim.o
                0x0000000008001b7c                MX_TIM21_Init
 .text.MX_TIM22_Init
                0x0000000008001c50       0xd4 Core/Src/tim.o
                0x0000000008001c50                MX_TIM22_Init
 .text.HAL_TIM_Base_MspInit
                0x0000000008001d24       0x2c Core/Src/tim.o
                0x0000000008001d24                HAL_TIM_Base_MspInit
 .text.HAL_TIM_PWM_MspInit
                0x0000000008001d50       0x4c Core/Src/tim.o
                0x0000000008001d50                HAL_TIM_PWM_MspInit
 .text.HAL_TIM_MspPostInit
                0x0000000008001d9c      0x170 Core/Src/tim.o
                0x0000000008001d9c                HAL_TIM_MspPostInit
 .text.MX_USART2_UART_Init
                0x0000000008001f0c       0x60 Core/Src/usart.o
                0x0000000008001f0c                MX_USART2_UART_Init
 .text.HAL_UART_MspInit
                0x0000000008001f6c       0x98 Core/Src/usart.o
                0x0000000008001f6c                HAL_UART_MspInit
 .text.Reset_Handler
                0x0000000008002004       0x50 Core/Startup/startup_stm32l053r8tx.o
                0x0000000008002004                Reset_Handler
 .text.Default_Handler
                0x0000000008002054        0x2 Core/Startup/startup_stm32l053r8tx.o
                0x0000000008002054                TSC_IRQHandler
                0x0000000008002054                ADC1_COMP_IRQHandler
                0x0000000008002054                PVD_IRQHandler
                0x0000000008002054                I2C1_IRQHandler
                0x0000000008002054                RCC_CRS_IRQHandler
                0x0000000008002054                SPI1_IRQHandler
                0x0000000008002054                TIM6_DAC_IRQHandler
                0x0000000008002054                EXTI2_3_IRQHandler
                0x0000000008002054                I2C2_IRQHandler
                0x0000000008002054                RTC_IRQHandler
                0x0000000008002054                LCD_IRQHandler
                0x0000000008002054                DMA1_Channel4_5_6_7_IRQHandler
                0x0000000008002054                EXTI4_15_IRQHandler
                0x0000000008002054                DMA1_Channel1_IRQHandler
                0x0000000008002054                Default_Handler
                0x0000000008002054                TIM22_IRQHandler
                0x0000000008002054                EXTI0_1_IRQHandler
                0x0000000008002054                USB_IRQHandler
                0x0000000008002054                SPI2_IRQHandler
                0x0000000008002054                TIM21_IRQHandler
                0x0000000008002054                WWDG_IRQHandler
                0x0000000008002054                TIM2_IRQHandler
                0x0000000008002054                DMA1_Channel2_3_IRQHandler
                0x0000000008002054                FLASH_IRQHandler
                0x0000000008002054                USART1_IRQHandler
                0x0000000008002054                RNG_LPUART1_IRQHandler
 *fill*         0x0000000008002056        0x2 
 .text.HAL_Init
                0x0000000008002058       0x40 Drivers/STM32L0xx_HAL_Driver/Src/stm32l0xx_hal.o
                0x0000000008002058                HAL_Init
 .text.HAL_InitTick
                0x0000000008002098       0x68 Drivers/STM32L0xx_HAL_Driver/Src/stm32l0xx_hal.o
                0x0000000008002098                HAL_InitTick
 .text.HAL_IncTick
                0x0000000008002100       0x24 Drivers/STM32L0xx_HAL_Driver/Src/stm32l0xx_hal.o
                0x0000000008002100                HAL_IncTick
 .text.HAL_GetTick
                0x0000000008002124       0x14 Drivers/STM32L0xx_HAL_Driver/Src/stm32l0xx_hal.o
                0x0000000008002124                HAL_GetTick
 .text.HAL_Delay
                0x0000000008002138       0x44 Drivers/STM32L0xx_HAL_Driver/Src/stm32l0xx_hal.o
                0x0000000008002138                HAL_Delay
 .text.__NVIC_EnableIRQ
                0x000000000800217c       0x34 Drivers/STM32L0xx_HAL_Driver/Src/stm32l0xx_hal_cortex.o
 .text.__NVIC_SetPriority
                0x00000000080021b0       0xdc Drivers/STM32L0xx_HAL_Driver/Src/stm32l0xx_hal_cortex.o
 .text.SysTick_Config
                0x000000000800228c       0x48 Drivers/STM32L0xx_HAL_Driver/Src/stm32l0xx_hal_cortex.o
 .text.HAL_NVIC_SetPriority
                0x00000000080022d4       0x2a Drivers/STM32L0xx_HAL_Driver/Src/stm32l0xx_hal_cortex.o
                0x00000000080022d4                HAL_NVIC_SetPriority
 .text.HAL_NVIC_EnableIRQ
                0x00000000080022fe       0x20 Drivers/STM32L0xx_HAL_Driver/Src/stm32l0xx_hal_cortex.o
                0x00000000080022fe                HAL_NVIC_EnableIRQ
 .text.HAL_SYSTICK_Config
                0x000000000800231e       0x1a Drivers/STM32L0xx_HAL_Driver/Src/stm32l0xx_hal_cortex.o
                0x000000000800231e                HAL_SYSTICK_Config
 .text.HAL_DMA_Abort
                0x0000000008002338       0x80 Drivers/STM32L0xx_HAL_Driver/Src/stm32l0xx_hal_dma.o
                0x0000000008002338                HAL_DMA_Abort
 .text.HAL_DMA_Abort_IT
                0x00000000080023b8       0x90 Drivers/STM32L0xx_HAL_Driver/Src/stm32l0xx_hal_dma.o
                0x00000000080023b8                HAL_DMA_Abort_IT
 .text.HAL_GPIO_Init
                0x0000000008002448      0x2ec Drivers/STM32L0xx_HAL_Driver/Src/stm32l0xx_hal_gpio.o
                0x0000000008002448                HAL_GPIO_Init
 .text.HAL_GPIO_WritePin
                0x0000000008002734       0x3a Drivers/STM32L0xx_HAL_Driver/Src/stm32l0xx_hal_gpio.o
                0x0000000008002734                HAL_GPIO_WritePin
 .text.HAL_GPIO_TogglePin
                0x000000000800276e       0x36 Drivers/STM32L0xx_HAL_Driver/Src/stm32l0xx_hal_gpio.o
                0x000000000800276e                HAL_GPIO_TogglePin
 .text.HAL_LPTIM_Init
                0x00000000080027a4      0x118 Drivers/STM32L0xx_HAL_Driver/Src/stm32l0xx_hal_lptim.o
                0x00000000080027a4                HAL_LPTIM_Init
 .text.HAL_LPTIM_Counter_Start_IT
                0x00000000080028bc       0xec Drivers/STM32L0xx_HAL_Driver/Src/stm32l0xx_hal_lptim.o
                0x00000000080028bc                HAL_LPTIM_Counter_Start_IT
 .text.HAL_LPTIM_IRQHandler
                0x00000000080029a8      0x144 Drivers/STM32L0xx_HAL_Driver/Src/stm32l0xx_hal_lptim.o
                0x00000000080029a8                HAL_LPTIM_IRQHandler
 .text.HAL_LPTIM_CompareMatchCallback
                0x0000000008002aec       0x10 Drivers/STM32L0xx_HAL_Driver/Src/stm32l0xx_hal_lptim.o
                0x0000000008002aec                HAL_LPTIM_CompareMatchCallback
 .text.HAL_LPTIM_TriggerCallback
                0x0000000008002afc       0x10 Drivers/STM32L0xx_HAL_Driver/Src/stm32l0xx_hal_lptim.o
                0x0000000008002afc                HAL_LPTIM_TriggerCallback
 .text.HAL_LPTIM_CompareWriteCallback
                0x0000000008002b0c       0x10 Drivers/STM32L0xx_HAL_Driver/Src/stm32l0xx_hal_lptim.o
                0x0000000008002b0c                HAL_LPTIM_CompareWriteCallback
 .text.HAL_LPTIM_AutoReloadWriteCallback
                0x0000000008002b1c       0x10 Drivers/STM32L0xx_HAL_Driver/Src/stm32l0xx_hal_lptim.o
                0x0000000008002b1c                HAL_LPTIM_AutoReloadWriteCallback
 .text.HAL_LPTIM_DirectionUpCallback
                0x0000000008002b2c       0x10 Drivers/STM32L0xx_HAL_Driver/Src/stm32l0xx_hal_lptim.o
                0x0000000008002b2c                HAL_LPTIM_DirectionUpCallback
 .text.HAL_LPTIM_DirectionDownCallback
                0x0000000008002b3c       0x10 Drivers/STM32L0xx_HAL_Driver/Src/stm32l0xx_hal_lptim.o
                0x0000000008002b3c                HAL_LPTIM_DirectionDownCallback
 .text.HAL_LPTIM_GetState
                0x0000000008002b4c       0x18 Drivers/STM32L0xx_HAL_Driver/Src/stm32l0xx_hal_lptim.o
                0x0000000008002b4c                HAL_LPTIM_GetState
 .text.LPTIM_WaitForFlag
                0x0000000008002b64       0x70 Drivers/STM32L0xx_HAL_Driver/Src/stm32l0xx_hal_lptim.o
 .text.LPTIM_Disable
                0x0000000008002bd4      0x174 Drivers/STM32L0xx_HAL_Driver/Src/stm32l0xx_hal_lptim.o
                0x0000000008002bd4                LPTIM_Disable
 .text.HAL_RCC_OscConfig
                0x0000000008002d48      0x790 Drivers/STM32L0xx_HAL_Driver/Src/stm32l0xx_hal_rcc.o
                0x0000000008002d48                HAL_RCC_OscConfig
 .text.HAL_RCC_ClockConfig
                0x00000000080034d8      0x290 Drivers/STM32L0xx_HAL_Driver/Src/stm32l0xx_hal_rcc.o
                0x00000000080034d8                HAL_RCC_ClockConfig
 .text.HAL_RCC_GetSysClockFreq
                0x0000000008003768      0x144 Drivers/STM32L0xx_HAL_Driver/Src/stm32l0xx_hal_rcc.o
                0x0000000008003768                HAL_RCC_GetSysClockFreq
 .text.HAL_RCC_GetHCLKFreq
                0x00000000080038ac       0x14 Drivers/STM32L0xx_HAL_Driver/Src/stm32l0xx_hal_rcc.o
                0x00000000080038ac                HAL_RCC_GetHCLKFreq
 .text.HAL_RCC_GetPCLK1Freq
                0x00000000080038c0       0x2c Drivers/STM32L0xx_HAL_Driver/Src/stm32l0xx_hal_rcc.o
                0x00000000080038c0                HAL_RCC_GetPCLK1Freq
 .text.HAL_RCC_GetPCLK2Freq
                0x00000000080038ec       0x2c Drivers/STM32L0xx_HAL_Driver/Src/stm32l0xx_hal_rcc.o
                0x00000000080038ec                HAL_RCC_GetPCLK2Freq
 .text.HAL_RCCEx_PeriphCLKConfig
                0x0000000008003918      0x2c8 Drivers/STM32L0xx_HAL_Driver/Src/stm32l0xx_hal_rcc_ex.o
                0x0000000008003918                HAL_RCCEx_PeriphCLKConfig
 .text.HAL_TIM_Base_Init
                0x0000000008003be0       0x80 Drivers/STM32L0xx_HAL_Driver/Src/stm32l0xx_hal_tim.o
                0x0000000008003be0                HAL_TIM_Base_Init
 .text.HAL_TIM_PWM_Init
                0x0000000008003c60       0x80 Drivers/STM32L0xx_HAL_Driver/Src/stm32l0xx_hal_tim.o
                0x0000000008003c60                HAL_TIM_PWM_Init
 .text.HAL_TIM_PWM_Start
                0x0000000008003ce0      0x118 Drivers/STM32L0xx_HAL_Driver/Src/stm32l0xx_hal_tim.o
                0x0000000008003ce0                HAL_TIM_PWM_Start
 .text.HAL_TIM_PWM_Stop
                0x0000000008003df8       0x7c Drivers/STM32L0xx_HAL_Driver/Src/stm32l0xx_hal_tim.o
                0x0000000008003df8                HAL_TIM_PWM_Stop
 .text.HAL_TIM_PWM_ConfigChannel
                0x0000000008003e74      0x178 Drivers/STM32L0xx_HAL_Driver/Src/stm32l0xx_hal_tim.o
                0x0000000008003e74                HAL_TIM_PWM_ConfigChannel
 .text.HAL_TIM_ConfigClockSource
                0x0000000008003fec      0x194 Drivers/STM32L0xx_HAL_Driver/Src/stm32l0xx_hal_tim.o
                0x0000000008003fec                HAL_TIM_ConfigClockSource
 .text.TIM_Base_SetConfig
                0x0000000008004180       0xa8 Drivers/STM32L0xx_HAL_Driver/Src/stm32l0xx_hal_tim.o
 .text.TIM_OC1_SetConfig
                0x0000000008004228       0x78 Drivers/STM32L0xx_HAL_Driver/Src/stm32l0xx_hal_tim.o
 .text.TIM_OC2_SetConfig
                0x00000000080042a0       0x84 Drivers/STM32L0xx_HAL_Driver/Src/stm32l0xx_hal_tim.o
 .text.TIM_OC3_SetConfig
                0x0000000008004324       0x80 Drivers/STM32L0xx_HAL_Driver/Src/stm32l0xx_hal_tim.o
 .text.TIM_OC4_SetConfig
                0x00000000080043a4       0x8c Drivers/STM32L0xx_HAL_Driver/Src/stm32l0xx_hal_tim.o
 .text.TIM_TI1_ConfigInputStage
                0x0000000008004430       0x5c Drivers/STM32L0xx_HAL_Driver/Src/stm32l0xx_hal_tim.o
 .text.TIM_TI2_ConfigInputStage
                0x000000000800448c       0x64 Drivers/STM32L0xx_HAL_Driver/Src/stm32l0xx_hal_tim.o
 .text.TIM_ITRx_SetConfig
                0x00000000080044f0       0x32 Drivers/STM32L0xx_HAL_Driver/Src/stm32l0xx_hal_tim.o
 *fill*         0x0000000008004522        0x2 
 .text.TIM_ETR_SetConfig
                0x0000000008004524       0x40 Drivers/STM32L0xx_HAL_Driver/Src/stm32l0xx_hal_tim.o
 .text.TIM_CCxChannelCmd
                0x0000000008004564       0x46 Drivers/STM32L0xx_HAL_Driver/Src/stm32l0xx_hal_tim.o
 *fill*         0x00000000080045aa        0x2 
 .text.HAL_TIMEx_MasterConfigSynchronization
                0x00000000080045ac       0xb0 Drivers/STM32L0xx_HAL_Driver/Src/stm32l0xx_hal_tim_ex.o
                0x00000000080045ac                HAL_TIMEx_MasterConfigSynchronization
 .text.HAL_UART_Init
                0x000000000800465c       0xa8 Drivers/STM32L0xx_HAL_Driver/Src/stm32l0xx_hal_uart.o
                0x000000000800465c                HAL_UART_Init
 .text.HAL_UART_Transmit_IT
                0x0000000008004704       0xfc Drivers/STM32L0xx_HAL_Driver/Src/stm32l0xx_hal_uart.o
                0x0000000008004704                HAL_UART_Transmit_IT
 .text.HAL_UART_Receive_IT
                0x0000000008004800       0xcc Drivers/STM32L0xx_HAL_Driver/Src/stm32l0xx_hal_uart.o
                0x0000000008004800                HAL_UART_Receive_IT
 .text.HAL_UART_IRQHandler
                0x00000000080048cc      0x5a4 Drivers/STM32L0xx_HAL_Driver/Src/stm32l0xx_hal_uart.o
                0x00000000080048cc                HAL_UART_IRQHandler
 .text.HAL_UART_ErrorCallback
                0x0000000008004e70       0x10 Drivers/STM32L0xx_HAL_Driver/Src/stm32l0xx_hal_uart.o
                0x0000000008004e70                HAL_UART_ErrorCallback
 .text.HAL_UARTEx_RxEventCallback
                0x0000000008004e80       0x16 Drivers/STM32L0xx_HAL_Driver/Src/stm32l0xx_hal_uart.o
                0x0000000008004e80                HAL_UARTEx_RxEventCallback
 *fill*         0x0000000008004e96        0x2 
 .text.UART_SetConfig
                0x0000000008004e98      0x53c Drivers/STM32L0xx_HAL_Driver/Src/stm32l0xx_hal_uart.o
                0x0000000008004e98                UART_SetConfig
 .text.UART_AdvFeatureConfig
                0x00000000080053d4      0x168 Drivers/STM32L0xx_HAL_Driver/Src/stm32l0xx_hal_uart.o
                0x00000000080053d4                UART_AdvFeatureConfig
 .text.UART_CheckIdleState
                0x000000000800553c       0x94 Drivers/STM32L0xx_HAL_Driver/Src/stm32l0xx_hal_uart.o
                0x000000000800553c                UART_CheckIdleState
 .text.UART_WaitOnFlagUntilTimeout
                0x00000000080055d0      0x178 Drivers/STM32L0xx_HAL_Driver/Src/stm32l0xx_hal_uart.o
                0x00000000080055d0                UART_WaitOnFlagUntilTimeout
 .text.UART_Start_Receive_IT
                0x0000000008005748      0x158 Drivers/STM32L0xx_HAL_Driver/Src/stm32l0xx_hal_uart.o
                0x0000000008005748                UART_Start_Receive_IT
 .text.UART_EndRxTransfer
                0x00000000080058a0       0xb8 Drivers/STM32L0xx_HAL_Driver/Src/stm32l0xx_hal_uart.o
 .text.UART_DMAAbortOnError
                0x0000000008005958       0x2e Drivers/STM32L0xx_HAL_Driver/Src/stm32l0xx_hal_uart.o
 .text.UART_TxISR_8BIT
                0x0000000008005986       0xaa Drivers/STM32L0xx_HAL_Driver/Src/stm32l0xx_hal_uart.o
 .text.UART_TxISR_16BIT
                0x0000000008005a30       0xb4 Drivers/STM32L0xx_HAL_Driver/Src/stm32l0xx_hal_uart.o
 .text.UART_EndTransmit_IT
                0x0000000008005ae4       0x52 Drivers/STM32L0xx_HAL_Driver/Src/stm32l0xx_hal_uart.o
 *fill*         0x0000000008005b36        0x2 
 .text.UART_RxISR_8BIT
                0x0000000008005b38      0x15c Drivers/STM32L0xx_HAL_Driver/Src/stm32l0xx_hal_uart.o
 .text.UART_RxISR_16BIT
                0x0000000008005c94      0x15c Drivers/STM32L0xx_HAL_Driver/Src/stm32l0xx_hal_uart.o
 .text.HAL_UARTEx_WakeupCallback
                0x0000000008005df0       0x10 Drivers/STM32L0xx_HAL_Driver/Src/stm32l0xx_hal_uart_ex.o
                0x0000000008005df0                HAL_UARTEx_WakeupCallback
 .text.__libc_init_array
                0x0000000008005e00       0x48 d:/programme/stm32cubeide_1.5.1/stm32cubeide/plugins/com.st.stm32cube.ide.mcu.externaltools.gnu-tools-for-stm32.7-2018-q2-update.win32_1.5.0.202011040924/tools/bin/../lib/gcc/arm-none-eabi/7.3.1/../../../../arm-none-eabi/lib/thumb/v6-m\libc_nano.a(lib_a-init.o)
                0x0000000008005e00                __libc_init_array
 .text.memset   0x0000000008005e48       0x10 d:/programme/stm32cubeide_1.5.1/stm32cubeide/plugins/com.st.stm32cube.ide.mcu.externaltools.gnu-tools-for-stm32.7-2018-q2-update.win32_1.5.0.202011040924/tools/bin/../lib/gcc/arm-none-eabi/7.3.1/../../../../arm-none-eabi/lib/thumb/v6-m\libc_nano.a(lib_a-memset.o)
                0x0000000008005e48                memset
 *(.glue_7)
 .glue_7        0x0000000008005e58        0x0 linker stubs
 *(.glue_7t)
 .glue_7t       0x0000000008005e58        0x0 linker stubs
 *(.eh_frame)
 .eh_frame      0x0000000008005e58        0x0 d:/programme/stm32cubeide_1.5.1/stm32cubeide/plugins/com.st.stm32cube.ide.mcu.externaltools.gnu-tools-for-stm32.7-2018-q2-update.win32_1.5.0.202011040924/tools/bin/../lib/gcc/arm-none-eabi/7.3.1/thumb/v6-m/crtbegin.o
 *(.init)
 .init          0x0000000008005e58        0x4 d:/programme/stm32cubeide_1.5.1/stm32cubeide/plugins/com.st.stm32cube.ide.mcu.externaltools.gnu-tools-for-stm32.7-2018-q2-update.win32_1.5.0.202011040924/tools/bin/../lib/gcc/arm-none-eabi/7.3.1/thumb/v6-m/crti.o
                0x0000000008005e58                _init
 .init          0x0000000008005e5c        0x8 d:/programme/stm32cubeide_1.5.1/stm32cubeide/plugins/com.st.stm32cube.ide.mcu.externaltools.gnu-tools-for-stm32.7-2018-q2-update.win32_1.5.0.202011040924/tools/bin/../lib/gcc/arm-none-eabi/7.3.1/thumb/v6-m/crtn.o
 *(.fini)
 .fini          0x0000000008005e64        0x4 d:/programme/stm32cubeide_1.5.1/stm32cubeide/plugins/com.st.stm32cube.ide.mcu.externaltools.gnu-tools-for-stm32.7-2018-q2-update.win32_1.5.0.202011040924/tools/bin/../lib/gcc/arm-none-eabi/7.3.1/thumb/v6-m/crti.o
                0x0000000008005e64                _fini
 .fini          0x0000000008005e68        0x8 d:/programme/stm32cubeide_1.5.1/stm32cubeide/plugins/com.st.stm32cube.ide.mcu.externaltools.gnu-tools-for-stm32.7-2018-q2-update.win32_1.5.0.202011040924/tools/bin/../lib/gcc/arm-none-eabi/7.3.1/thumb/v6-m/crtn.o
                0x0000000008005e70                . = ALIGN (0x4)
                0x0000000008005e70                _etext = .

.vfp11_veneer   0x0000000008005e70        0x0
 .vfp11_veneer  0x0000000008005e70        0x0 linker stubs

.v4_bx          0x0000000008005e70        0x0
 .v4_bx         0x0000000008005e70        0x0 linker stubs

.iplt           0x0000000008005e70        0x0
 .iplt          0x0000000008005e70        0x0 d:/programme/stm32cubeide_1.5.1/stm32cubeide/plugins/com.st.stm32cube.ide.mcu.externaltools.gnu-tools-for-stm32.7-2018-q2-update.win32_1.5.0.202011040924/tools/bin/../lib/gcc/arm-none-eabi/7.3.1/thumb/v6-m/crtbegin.o

.rodata         0x0000000008005e70       0xcc
                0x0000000008005e70                . = ALIGN (0x4)
 *(.rodata)
 .rodata        0x0000000008005e70       0x40 d:/programme/stm32cubeide_1.5.1/stm32cubeide/plugins/com.st.stm32cube.ide.mcu.externaltools.gnu-tools-for-stm32.7-2018-q2-update.win32_1.5.0.202011040924/tools/bin/../lib/gcc/arm-none-eabi/7.3.1/thumb/v6-m\libgcc.a(mulsf3.o)
 *(.rodata*)
 .rodata.lptim_period
                0x0000000008005eb0        0x2 Core/Src/global_config.o
                0x0000000008005eb0                lptim_period
 .rodata.min_pwm_val
                0x0000000008005eb2        0x2 Core/Src/global_config.o
                0x0000000008005eb2                min_pwm_val
 .rodata.set_humidity
                0x0000000008005eb4        0x4 Core/Src/global_config.o
                0x0000000008005eb4                set_humidity
 .rodata.max_error_integral
                0x0000000008005eb8        0x2 Core/Src/global_config.o
                0x0000000008005eb8                max_error_integral
 .rodata.min_error_integral
                0x0000000008005eba        0x2 Core/Src/global_config.o
                0x0000000008005eba                min_error_integral
 .rodata.statemachine_process
                0x0000000008005ebc       0x14 Core/Src/state_machine.o
 .rodata.AHBPrescTable
                0x0000000008005ed0       0x10 Core/Src/system_stm32l0xx.o
                0x0000000008005ed0                AHBPrescTable
 .rodata.APBPrescTable
                0x0000000008005ee0        0x8 Core/Src/system_stm32l0xx.o
                0x0000000008005ee0                APBPrescTable
 .rodata.PLLMulTable
                0x0000000008005ee8        0x9 Core/Src/system_stm32l0xx.o
                0x0000000008005ee8                PLLMulTable
 *fill*         0x0000000008005ef1        0x3 
 .rodata.UART_SetConfig
                0x0000000008005ef4       0x48 Drivers/STM32L0xx_HAL_Driver/Src/stm32l0xx_hal_uart.o
                0x0000000008005f3c                . = ALIGN (0x4)

.ARM.extab      0x0000000008005f3c        0x0
                0x0000000008005f3c                . = ALIGN (0x4)
 *(.ARM.extab* .gnu.linkonce.armextab.*)
                0x0000000008005f3c                . = ALIGN (0x4)

.ARM            0x0000000008005f3c        0x8
                0x0000000008005f3c                . = ALIGN (0x4)
                0x0000000008005f3c                __exidx_start = .
 *(.ARM.exidx*)
 .ARM.exidx     0x0000000008005f3c        0x8 d:/programme/stm32cubeide_1.5.1/stm32cubeide/plugins/com.st.stm32cube.ide.mcu.externaltools.gnu-tools-for-stm32.7-2018-q2-update.win32_1.5.0.202011040924/tools/bin/../lib/gcc/arm-none-eabi/7.3.1/thumb/v6-m\libgcc.a(_udivmoddi4.o)
                0x0000000008005f44                __exidx_end = .
                0x0000000008005f44                . = ALIGN (0x4)

.rel.dyn        0x0000000008005f44        0x0
 .rel.iplt      0x0000000008005f44        0x0 d:/programme/stm32cubeide_1.5.1/stm32cubeide/plugins/com.st.stm32cube.ide.mcu.externaltools.gnu-tools-for-stm32.7-2018-q2-update.win32_1.5.0.202011040924/tools/bin/../lib/gcc/arm-none-eabi/7.3.1/thumb/v6-m/crtbegin.o

.preinit_array  0x0000000008005f44        0x0
                0x0000000008005f44                . = ALIGN (0x4)
                0x0000000008005f44                PROVIDE (__preinit_array_start = .)
 *(.preinit_array*)
                0x0000000008005f44                PROVIDE (__preinit_array_end = .)
                0x0000000008005f44                . = ALIGN (0x4)

.init_array     0x0000000008005f44        0x4
                0x0000000008005f44                . = ALIGN (0x4)
                0x0000000008005f44                PROVIDE (__init_array_start = .)
 *(SORT_BY_NAME(.init_array.*))
 *(.init_array*)
 .init_array    0x0000000008005f44        0x4 d:/programme/stm32cubeide_1.5.1/stm32cubeide/plugins/com.st.stm32cube.ide.mcu.externaltools.gnu-tools-for-stm32.7-2018-q2-update.win32_1.5.0.202011040924/tools/bin/../lib/gcc/arm-none-eabi/7.3.1/thumb/v6-m/crtbegin.o
                0x0000000008005f48                PROVIDE (__init_array_end = .)
                0x0000000008005f48                . = ALIGN (0x4)

.fini_array     0x0000000008005f48        0x4
                0x0000000008005f48                . = ALIGN (0x4)
                [!provide]                        PROVIDE (__fini_array_start = .)
 *(SORT_BY_NAME(.fini_array.*))
 *(.fini_array*)
 .fini_array    0x0000000008005f48        0x4 d:/programme/stm32cubeide_1.5.1/stm32cubeide/plugins/com.st.stm32cube.ide.mcu.externaltools.gnu-tools-for-stm32.7-2018-q2-update.win32_1.5.0.202011040924/tools/bin/../lib/gcc/arm-none-eabi/7.3.1/thumb/v6-m/crtbegin.o
                [!provide]                        PROVIDE (__fini_array_end = .)
                0x0000000008005f4c                . = ALIGN (0x4)
                0x0000000008005f4c                _sidata = LOADADDR (.data)

.data           0x0000000020000000       0x10 load address 0x0000000008005f4c
                0x0000000020000000                . = ALIGN (0x4)
                0x0000000020000000                _sdata = .
 *(.data)
 *(.data*)
 .data.pi_param
                0x0000000020000000        0x3 Core/Src/controller.o
                0x0000000020000000                pi_param
 *fill*         0x0000000020000003        0x1 
 .data.SystemCoreClock
                0x0000000020000004        0x4 Core/Src/system_stm32l0xx.o
                0x0000000020000004                SystemCoreClock
 .data.uwTickPrio
                0x0000000020000008        0x4 Drivers/STM32L0xx_HAL_Driver/Src/stm32l0xx_hal.o
                0x0000000020000008                uwTickPrio
 .data.uwTickFreq
                0x000000002000000c        0x1 Drivers/STM32L0xx_HAL_Driver/Src/stm32l0xx_hal.o
                0x000000002000000c                uwTickFreq
 *(.RamFunc)
 *(.RamFunc*)
                0x0000000020000010                . = ALIGN (0x4)
 *fill*         0x000000002000000d        0x3 
                0x0000000020000010                _edata = .

.igot.plt       0x0000000020000010        0x0 load address 0x0000000008005f5c
 .igot.plt      0x0000000020000010        0x0 d:/programme/stm32cubeide_1.5.1/stm32cubeide/plugins/com.st.stm32cube.ide.mcu.externaltools.gnu-tools-for-stm32.7-2018-q2-update.win32_1.5.0.202011040924/tools/bin/../lib/gcc/arm-none-eabi/7.3.1/thumb/v6-m/crtbegin.o
                0x0000000020000010                . = ALIGN (0x4)

.bss            0x0000000020000010      0x1c0 load address 0x0000000008005f5c
                0x0000000020000010                _sbss = .
                0x0000000020000010                __bss_start__ = _sbss
 *(.bss)
 .bss           0x0000000020000010       0x1c d:/programme/stm32cubeide_1.5.1/stm32cubeide/plugins/com.st.stm32cube.ide.mcu.externaltools.gnu-tools-for-stm32.7-2018-q2-update.win32_1.5.0.202011040924/tools/bin/../lib/gcc/arm-none-eabi/7.3.1/thumb/v6-m/crtbegin.o
 *(.bss*)
 .bss.error     0x000000002000002c        0x4 Core/Src/controller.o
                0x000000002000002c                error
 .bss.error_integral
                0x0000000020000030        0x4 Core/Src/controller.o
                0x0000000020000030                error_integral
 .bss.pi_output
                0x0000000020000034        0x4 Core/Src/controller.o
                0x0000000020000034                pi_output
 .bss.statemachine_state
                0x0000000020000038        0x1 Core/Src/global_config.o
                0x0000000020000038                statemachine_state
 *fill*         0x0000000020000039        0x3 
 .bss.new_pwm   0x000000002000003c        0x4 Core/Src/main.o
                0x000000002000003c                new_pwm
 .bss.humidity  0x0000000020000040        0x4 Core/Src/state_machine.o
                0x0000000020000040                humidity
 *(COMMON)
 COMMON         0x0000000020000044        0x8 Core/Src/global_config.o
                0x0000000020000044                rx_uart_buffer
                0x000000002000004b                flag_lptim_interrupt
 COMMON         0x000000002000004c       0x30 Core/Src/lptim.o
                0x000000002000004c                hlptim1
 COMMON         0x000000002000007c        0x8 Core/Src/main.o
                0x000000002000007c                rx_data
                0x0000000020000080                tx_data
 COMMON         0x0000000020000084        0x4 Core/Src/state_machine.o
                0x0000000020000084                max_humidity_allowed
 COMMON         0x0000000020000088       0xc0 Core/Src/tim.o
                0x0000000020000088                htim22
                0x00000000200000c8                htim2
                0x0000000020000108                htim21
 COMMON         0x0000000020000148       0x84 Core/Src/usart.o
                0x0000000020000148                huart2
 COMMON         0x00000000200001cc        0x4 Drivers/STM32L0xx_HAL_Driver/Src/stm32l0xx_hal.o
                0x00000000200001cc                uwTick
                0x00000000200001d0                . = ALIGN (0x4)
                0x00000000200001d0                _ebss = .
                0x00000000200001d0                __bss_end__ = _ebss

._user_heap_stack
                0x00000000200001d0      0x600 load address 0x0000000008005f5c
                0x00000000200001d0                . = ALIGN (0x8)
                [!provide]                        PROVIDE (end = .)
                0x00000000200001d0                PROVIDE (_end = .)
                0x00000000200003d0                . = (. + _Min_Heap_Size)
 *fill*         0x00000000200001d0      0x200 
                0x00000000200007d0                . = (. + _Min_Stack_Size)
 *fill*         0x00000000200003d0      0x400 
                0x00000000200007d0                . = ALIGN (0x8)

/DISCARD/
 libc.a(*)
 libm.a(*)
 libgcc.a(*)

.ARM.attributes
                0x0000000000000000       0x28
 *(.ARM.attributes)
 .ARM.attributes
                0x0000000000000000       0x1e d:/programme/stm32cubeide_1.5.1/stm32cubeide/plugins/com.st.stm32cube.ide.mcu.externaltools.gnu-tools-for-stm32.7-2018-q2-update.win32_1.5.0.202011040924/tools/bin/../lib/gcc/arm-none-eabi/7.3.1/thumb/v6-m/crti.o
 .ARM.attributes
                0x000000000000001e       0x2c d:/programme/stm32cubeide_1.5.1/stm32cubeide/plugins/com.st.stm32cube.ide.mcu.externaltools.gnu-tools-for-stm32.7-2018-q2-update.win32_1.5.0.202011040924/tools/bin/../lib/gcc/arm-none-eabi/7.3.1/thumb/v6-m/crtbegin.o
 .ARM.attributes
                0x000000000000004a       0x32 Core/Src/controller.o
 .ARM.attributes
                0x000000000000007c       0x32 Core/Src/global_config.o
 .ARM.attributes
                0x00000000000000ae       0x32 Core/Src/gpio.o
 .ARM.attributes
                0x00000000000000e0       0x32 Core/Src/lptim.o
 .ARM.attributes
                0x0000000000000112       0x32 Core/Src/main.o
 .ARM.attributes
                0x0000000000000144       0x32 Core/Src/state_machine.o
 .ARM.attributes
                0x0000000000000176       0x32 Core/Src/stm32l0xx_hal_msp.o
 .ARM.attributes
                0x00000000000001a8       0x32 Core/Src/stm32l0xx_it.o
 .ARM.attributes
                0x00000000000001da       0x32 Core/Src/system_stm32l0xx.o
 .ARM.attributes
                0x000000000000020c       0x32 Core/Src/tim.o
 .ARM.attributes
                0x000000000000023e       0x32 Core/Src/usart.o
 .ARM.attributes
                0x0000000000000270       0x22 Core/Startup/startup_stm32l053r8tx.o
 .ARM.attributes
                0x0000000000000292       0x32 Drivers/STM32L0xx_HAL_Driver/Src/stm32l0xx_hal.o
 .ARM.attributes
                0x00000000000002c4       0x32 Drivers/STM32L0xx_HAL_Driver/Src/stm32l0xx_hal_cortex.o
 .ARM.attributes
                0x00000000000002f6       0x32 Drivers/STM32L0xx_HAL_Driver/Src/stm32l0xx_hal_dma.o
 .ARM.attributes
                0x0000000000000328       0x32 Drivers/STM32L0xx_HAL_Driver/Src/stm32l0xx_hal_gpio.o
 .ARM.attributes
                0x000000000000035a       0x32 Drivers/STM32L0xx_HAL_Driver/Src/stm32l0xx_hal_lptim.o
 .ARM.attributes
                0x000000000000038c       0x32 Drivers/STM32L0xx_HAL_Driver/Src/stm32l0xx_hal_rcc.o
 .ARM.attributes
                0x00000000000003be       0x32 Drivers/STM32L0xx_HAL_Driver/Src/stm32l0xx_hal_rcc_ex.o
 .ARM.attributes
                0x00000000000003f0       0x32 Drivers/STM32L0xx_HAL_Driver/Src/stm32l0xx_hal_tim.o
 .ARM.attributes
                0x0000000000000422       0x32 Drivers/STM32L0xx_HAL_Driver/Src/stm32l0xx_hal_tim_ex.o
 .ARM.attributes
                0x0000000000000454       0x32 Drivers/STM32L0xx_HAL_Driver/Src/stm32l0xx_hal_uart.o
 .ARM.attributes
                0x0000000000000486       0x32 Drivers/STM32L0xx_HAL_Driver/Src/stm32l0xx_hal_uart_ex.o
 .ARM.attributes
                0x00000000000004b8       0x2c d:/programme/stm32cubeide_1.5.1/stm32cubeide/plugins/com.st.stm32cube.ide.mcu.externaltools.gnu-tools-for-stm32.7-2018-q2-update.win32_1.5.0.202011040924/tools/bin/../lib/gcc/arm-none-eabi/7.3.1/../../../../arm-none-eabi/lib/thumb/v6-m\libc_nano.a(lib_a-init.o)
 .ARM.attributes
                0x00000000000004e4       0x2c d:/programme/stm32cubeide_1.5.1/stm32cubeide/plugins/com.st.stm32cube.ide.mcu.externaltools.gnu-tools-for-stm32.7-2018-q2-update.win32_1.5.0.202011040924/tools/bin/../lib/gcc/arm-none-eabi/7.3.1/../../../../arm-none-eabi/lib/thumb/v6-m\libc_nano.a(lib_a-memset.o)
 .ARM.attributes
                0x0000000000000510       0x1e d:/programme/stm32cubeide_1.5.1/stm32cubeide/plugins/com.st.stm32cube.ide.mcu.externaltools.gnu-tools-for-stm32.7-2018-q2-update.win32_1.5.0.202011040924/tools/bin/../lib/gcc/arm-none-eabi/7.3.1/thumb/v6-m\libgcc.a(_udivsi3.o)
 .ARM.attributes
                0x000000000000052e       0x1e d:/programme/stm32cubeide_1.5.1/stm32cubeide/plugins/com.st.stm32cube.ide.mcu.externaltools.gnu-tools-for-stm32.7-2018-q2-update.win32_1.5.0.202011040924/tools/bin/../lib/gcc/arm-none-eabi/7.3.1/thumb/v6-m\libgcc.a(_dvmd_tls.o)
 .ARM.attributes
                0x000000000000054c       0x1e d:/programme/stm32cubeide_1.5.1/stm32cubeide/plugins/com.st.stm32cube.ide.mcu.externaltools.gnu-tools-for-stm32.7-2018-q2-update.win32_1.5.0.202011040924/tools/bin/../lib/gcc/arm-none-eabi/7.3.1/thumb/v6-m\libgcc.a(_arm_cmpsf2.o)
 .ARM.attributes
                0x000000000000056a       0x1e d:/programme/stm32cubeide_1.5.1/stm32cubeide/plugins/com.st.stm32cube.ide.mcu.externaltools.gnu-tools-for-stm32.7-2018-q2-update.win32_1.5.0.202011040924/tools/bin/../lib/gcc/arm-none-eabi/7.3.1/thumb/v6-m\libgcc.a(_aeabi_uldivmod.o)
 .ARM.attributes
                0x0000000000000588       0x2c d:/programme/stm32cubeide_1.5.1/stm32cubeide/plugins/com.st.stm32cube.ide.mcu.externaltools.gnu-tools-for-stm32.7-2018-q2-update.win32_1.5.0.202011040924/tools/bin/../lib/gcc/arm-none-eabi/7.3.1/thumb/v6-m\libgcc.a(_muldi3.o)
 .ARM.attributes
                0x00000000000005b4       0x2c d:/programme/stm32cubeide_1.5.1/stm32cubeide/plugins/com.st.stm32cube.ide.mcu.externaltools.gnu-tools-for-stm32.7-2018-q2-update.win32_1.5.0.202011040924/tools/bin/../lib/gcc/arm-none-eabi/7.3.1/thumb/v6-m\libgcc.a(_udivmoddi4.o)
 .ARM.attributes
                0x00000000000005e0       0x2c d:/programme/stm32cubeide_1.5.1/stm32cubeide/plugins/com.st.stm32cube.ide.mcu.externaltools.gnu-tools-for-stm32.7-2018-q2-update.win32_1.5.0.202011040924/tools/bin/../lib/gcc/arm-none-eabi/7.3.1/thumb/v6-m\libgcc.a(addsf3.o)
 .ARM.attributes
                0x000000000000060c       0x2c d:/programme/stm32cubeide_1.5.1/stm32cubeide/plugins/com.st.stm32cube.ide.mcu.externaltools.gnu-tools-for-stm32.7-2018-q2-update.win32_1.5.0.202011040924/tools/bin/../lib/gcc/arm-none-eabi/7.3.1/thumb/v6-m\libgcc.a(eqsf2.o)
 .ARM.attributes
                0x0000000000000638       0x2c d:/programme/stm32cubeide_1.5.1/stm32cubeide/plugins/com.st.stm32cube.ide.mcu.externaltools.gnu-tools-for-stm32.7-2018-q2-update.win32_1.5.0.202011040924/tools/bin/../lib/gcc/arm-none-eabi/7.3.1/thumb/v6-m\libgcc.a(gesf2.o)
 .ARM.attributes
                0x0000000000000664       0x2c d:/programme/stm32cubeide_1.5.1/stm32cubeide/plugins/com.st.stm32cube.ide.mcu.externaltools.gnu-tools-for-stm32.7-2018-q2-update.win32_1.5.0.202011040924/tools/bin/../lib/gcc/arm-none-eabi/7.3.1/thumb/v6-m\libgcc.a(lesf2.o)
 .ARM.attributes
                0x0000000000000690       0x2c d:/programme/stm32cubeide_1.5.1/stm32cubeide/plugins/com.st.stm32cube.ide.mcu.externaltools.gnu-tools-for-stm32.7-2018-q2-update.win32_1.5.0.202011040924/tools/bin/../lib/gcc/arm-none-eabi/7.3.1/thumb/v6-m\libgcc.a(mulsf3.o)
 .ARM.attributes
                0x00000000000006bc       0x2c d:/programme/stm32cubeide_1.5.1/stm32cubeide/plugins/com.st.stm32cube.ide.mcu.externaltools.gnu-tools-for-stm32.7-2018-q2-update.win32_1.5.0.202011040924/tools/bin/../lib/gcc/arm-none-eabi/7.3.1/thumb/v6-m\libgcc.a(subsf3.o)
 .ARM.attributes
                0x00000000000006e8       0x2c d:/programme/stm32cubeide_1.5.1/stm32cubeide/plugins/com.st.stm32cube.ide.mcu.externaltools.gnu-tools-for-stm32.7-2018-q2-update.win32_1.5.0.202011040924/tools/bin/../lib/gcc/arm-none-eabi/7.3.1/thumb/v6-m\libgcc.a(floatsisf.o)
 .ARM.attributes
                0x0000000000000714       0x2c d:/programme/stm32cubeide_1.5.1/stm32cubeide/plugins/com.st.stm32cube.ide.mcu.externaltools.gnu-tools-for-stm32.7-2018-q2-update.win32_1.5.0.202011040924/tools/bin/../lib/gcc/arm-none-eabi/7.3.1/thumb/v6-m\libgcc.a(floatunsisf.o)
 .ARM.attributes
                0x0000000000000740       0x1e d:/programme/stm32cubeide_1.5.1/stm32cubeide/plugins/com.st.stm32cube.ide.mcu.externaltools.gnu-tools-for-stm32.7-2018-q2-update.win32_1.5.0.202011040924/tools/bin/../lib/gcc/arm-none-eabi/7.3.1/thumb/v6-m\libgcc.a(_clzsi2.o)
 .ARM.attributes
                0x000000000000075e       0x1e d:/programme/stm32cubeide_1.5.1/stm32cubeide/plugins/com.st.stm32cube.ide.mcu.externaltools.gnu-tools-for-stm32.7-2018-q2-update.win32_1.5.0.202011040924/tools/bin/../lib/gcc/arm-none-eabi/7.3.1/thumb/v6-m\libgcc.a(_clzdi2.o)
 .ARM.attributes
                0x000000000000077c       0x1e d:/programme/stm32cubeide_1.5.1/stm32cubeide/plugins/com.st.stm32cube.ide.mcu.externaltools.gnu-tools-for-stm32.7-2018-q2-update.win32_1.5.0.202011040924/tools/bin/../lib/gcc/arm-none-eabi/7.3.1/thumb/v6-m/crtn.o
OUTPUT(STM32L053R8.elf elf32-littlearm)

.debug_info     0x0000000000000000    0x11432
 .debug_info    0x0000000000000000      0x841 Core/Src/controller.o
 .debug_info    0x0000000000000841      0x1ac Core/Src/global_config.o
 .debug_info    0x00000000000009ed      0x436 Core/Src/gpio.o
 .debug_info    0x0000000000000e23      0x74c Core/Src/lptim.o
 .debug_info    0x000000000000156f     0x1074 Core/Src/main.o
 .debug_info    0x00000000000025e3      0xeb0 Core/Src/state_machine.o
 .debug_info    0x0000000000003493      0x2a4 Core/Src/stm32l0xx_hal_msp.o
 .debug_info    0x0000000000003737      0x938 Core/Src/stm32l0xx_it.o
 .debug_info    0x000000000000406f      0x334 Core/Src/system_stm32l0xx.o
 .debug_info    0x00000000000043a3      0xb92 Core/Src/tim.o
 .debug_info    0x0000000000004f35      0xa33 Core/Src/usart.o
 .debug_info    0x0000000000005968       0x22 Core/Startup/startup_stm32l053r8tx.o
 .debug_info    0x000000000000598a      0x874 Drivers/STM32L0xx_HAL_Driver/Src/stm32l0xx_hal.o
 .debug_info    0x00000000000061fe      0x91d Drivers/STM32L0xx_HAL_Driver/Src/stm32l0xx_hal_cortex.o
 .debug_info    0x0000000000006b1b      0x7c5 Drivers/STM32L0xx_HAL_Driver/Src/stm32l0xx_hal_dma.o
 .debug_info    0x00000000000072e0      0x71d Drivers/STM32L0xx_HAL_Driver/Src/stm32l0xx_hal_gpio.o
 .debug_info    0x00000000000079fd      0xe17 Drivers/STM32L0xx_HAL_Driver/Src/stm32l0xx_hal_lptim.o
 .debug_info    0x0000000000008814      0x9ba Drivers/STM32L0xx_HAL_Driver/Src/stm32l0xx_hal_rcc.o
 .debug_info    0x00000000000091ce      0x851 Drivers/STM32L0xx_HAL_Driver/Src/stm32l0xx_hal_rcc_ex.o
 .debug_info    0x0000000000009a1f     0x283f Drivers/STM32L0xx_HAL_Driver/Src/stm32l0xx_hal_tim.o
 .debug_info    0x000000000000c25e      0x767 Drivers/STM32L0xx_HAL_Driver/Src/stm32l0xx_hal_tim_ex.o
 .debug_info    0x000000000000c9c5     0x3d26 Drivers/STM32L0xx_HAL_Driver/Src/stm32l0xx_hal_uart.o
 .debug_info    0x00000000000106eb      0xd47 Drivers/STM32L0xx_HAL_Driver/Src/stm32l0xx_hal_uart_ex.o

.debug_abbrev   0x0000000000000000     0x2632
 .debug_abbrev  0x0000000000000000      0x189 Core/Src/controller.o
 .debug_abbrev  0x0000000000000189       0x87 Core/Src/global_config.o
 .debug_abbrev  0x0000000000000210      0x134 Core/Src/gpio.o
 .debug_abbrev  0x0000000000000344      0x171 Core/Src/lptim.o
 .debug_abbrev  0x00000000000004b5      0x1d4 Core/Src/main.o
 .debug_abbrev  0x0000000000000689      0x189 Core/Src/state_machine.o
 .debug_abbrev  0x0000000000000812       0xe6 Core/Src/stm32l0xx_hal_msp.o
 .debug_abbrev  0x00000000000008f8      0x158 Core/Src/stm32l0xx_it.o
 .debug_abbrev  0x0000000000000a50      0x12b Core/Src/system_stm32l0xx.o
 .debug_abbrev  0x0000000000000b7b      0x1fc Core/Src/tim.o
 .debug_abbrev  0x0000000000000d77      0x197 Core/Src/usart.o
 .debug_abbrev  0x0000000000000f0e       0x12 Core/Startup/startup_stm32l053r8tx.o
 .debug_abbrev  0x0000000000000f20      0x235 Drivers/STM32L0xx_HAL_Driver/Src/stm32l0xx_hal.o
 .debug_abbrev  0x0000000000001155      0x27c Drivers/STM32L0xx_HAL_Driver/Src/stm32l0xx_hal_cortex.o
 .debug_abbrev  0x00000000000013d1      0x1cc Drivers/STM32L0xx_HAL_Driver/Src/stm32l0xx_hal_dma.o
 .debug_abbrev  0x000000000000159d      0x1c0 Drivers/STM32L0xx_HAL_Driver/Src/stm32l0xx_hal_gpio.o
 .debug_abbrev  0x000000000000175d      0x207 Drivers/STM32L0xx_HAL_Driver/Src/stm32l0xx_hal_lptim.o
 .debug_abbrev  0x0000000000001964      0x21a Drivers/STM32L0xx_HAL_Driver/Src/stm32l0xx_hal_rcc.o
 .debug_abbrev  0x0000000000001b7e      0x1e1 Drivers/STM32L0xx_HAL_Driver/Src/stm32l0xx_hal_rcc_ex.o
 .debug_abbrev  0x0000000000001d5f      0x23f Drivers/STM32L0xx_HAL_Driver/Src/stm32l0xx_hal_tim.o
 .debug_abbrev  0x0000000000001f9e      0x19e Drivers/STM32L0xx_HAL_Driver/Src/stm32l0xx_hal_tim_ex.o
 .debug_abbrev  0x000000000000213c      0x28c Drivers/STM32L0xx_HAL_Driver/Src/stm32l0xx_hal_uart.o
 .debug_abbrev  0x00000000000023c8      0x26a Drivers/STM32L0xx_HAL_Driver/Src/stm32l0xx_hal_uart_ex.o

.debug_aranges  0x0000000000000000      0xe88
 .debug_aranges
                0x0000000000000000       0x28 Core/Src/controller.o
 .debug_aranges
                0x0000000000000028       0x18 Core/Src/global_config.o
 .debug_aranges
                0x0000000000000040       0x20 Core/Src/gpio.o
 .debug_aranges
                0x0000000000000060       0x30 Core/Src/lptim.o
 .debug_aranges
                0x0000000000000090       0x48 Core/Src/main.o
 .debug_aranges
                0x00000000000000d8       0x78 Core/Src/state_machine.o
 .debug_aranges
                0x0000000000000150       0x20 Core/Src/stm32l0xx_hal_msp.o
 .debug_aranges
                0x0000000000000170       0x50 Core/Src/stm32l0xx_it.o
 .debug_aranges
                0x00000000000001c0       0x28 Core/Src/system_stm32l0xx.o
 .debug_aranges
                0x00000000000001e8       0x58 Core/Src/tim.o
 .debug_aranges
                0x0000000000000240       0x30 Core/Src/usart.o
 .debug_aranges
                0x0000000000000270       0x28 Core/Startup/startup_stm32l053r8tx.o
 .debug_aranges
                0x0000000000000298      0x110 Drivers/STM32L0xx_HAL_Driver/Src/stm32l0xx_hal.o
 .debug_aranges
                0x00000000000003a8       0xd8 Drivers/STM32L0xx_HAL_Driver/Src/stm32l0xx_hal_cortex.o
 .debug_aranges
                0x0000000000000480       0x80 Drivers/STM32L0xx_HAL_Driver/Src/stm32l0xx_hal_dma.o
 .debug_aranges
                0x0000000000000500       0x58 Drivers/STM32L0xx_HAL_Driver/Src/stm32l0xx_hal_gpio.o
 .debug_aranges
                0x0000000000000558      0x168 Drivers/STM32L0xx_HAL_Driver/Src/stm32l0xx_hal_lptim.o
 .debug_aranges
                0x00000000000006c0       0x80 Drivers/STM32L0xx_HAL_Driver/Src/stm32l0xx_hal_rcc.o
 .debug_aranges
                0x0000000000000740       0xb0 Drivers/STM32L0xx_HAL_Driver/Src/stm32l0xx_hal_rcc_ex.o
 .debug_aranges
                0x00000000000007f0      0x3d0 Drivers/STM32L0xx_HAL_Driver/Src/stm32l0xx_hal_tim.o
 .debug_aranges
                0x0000000000000bc0       0x28 Drivers/STM32L0xx_HAL_Driver/Src/stm32l0xx_hal_tim_ex.o
 .debug_aranges
                0x0000000000000be8      0x228 Drivers/STM32L0xx_HAL_Driver/Src/stm32l0xx_hal_uart.o
 .debug_aranges
                0x0000000000000e10       0x78 Drivers/STM32L0xx_HAL_Driver/Src/stm32l0xx_hal_uart_ex.o

.debug_ranges   0x0000000000000000      0xd48
 .debug_ranges  0x0000000000000000       0x18 Core/Src/controller.o
 .debug_ranges  0x0000000000000018       0x10 Core/Src/gpio.o
 .debug_ranges  0x0000000000000028       0x20 Core/Src/lptim.o
 .debug_ranges  0x0000000000000048       0x38 Core/Src/main.o
 .debug_ranges  0x0000000000000080       0x68 Core/Src/state_machine.o
 .debug_ranges  0x00000000000000e8       0x10 Core/Src/stm32l0xx_hal_msp.o
 .debug_ranges  0x00000000000000f8       0x40 Core/Src/stm32l0xx_it.o
 .debug_ranges  0x0000000000000138       0x18 Core/Src/system_stm32l0xx.o
 .debug_ranges  0x0000000000000150       0x48 Core/Src/tim.o
 .debug_ranges  0x0000000000000198       0x20 Core/Src/usart.o
 .debug_ranges  0x00000000000001b8       0x20 Core/Startup/startup_stm32l053r8tx.o
 .debug_ranges  0x00000000000001d8      0x100 Drivers/STM32L0xx_HAL_Driver/Src/stm32l0xx_hal.o
 .debug_ranges  0x00000000000002d8       0xc8 Drivers/STM32L0xx_HAL_Driver/Src/stm32l0xx_hal_cortex.o
 .debug_ranges  0x00000000000003a0       0x70 Drivers/STM32L0xx_HAL_Driver/Src/stm32l0xx_hal_dma.o
 .debug_ranges  0x0000000000000410       0x48 Drivers/STM32L0xx_HAL_Driver/Src/stm32l0xx_hal_gpio.o
 .debug_ranges  0x0000000000000458      0x158 Drivers/STM32L0xx_HAL_Driver/Src/stm32l0xx_hal_lptim.o
 .debug_ranges  0x00000000000005b0       0x70 Drivers/STM32L0xx_HAL_Driver/Src/stm32l0xx_hal_rcc.o
 .debug_ranges  0x0000000000000620       0xa0 Drivers/STM32L0xx_HAL_Driver/Src/stm32l0xx_hal_rcc_ex.o
 .debug_ranges  0x00000000000006c0      0x3c0 Drivers/STM32L0xx_HAL_Driver/Src/stm32l0xx_hal_tim.o
 .debug_ranges  0x0000000000000a80       0x18 Drivers/STM32L0xx_HAL_Driver/Src/stm32l0xx_hal_tim_ex.o
 .debug_ranges  0x0000000000000a98      0x248 Drivers/STM32L0xx_HAL_Driver/Src/stm32l0xx_hal_uart.o
 .debug_ranges  0x0000000000000ce0       0x68 Drivers/STM32L0xx_HAL_Driver/Src/stm32l0xx_hal_uart_ex.o

.debug_macro    0x0000000000000000    0x14d19
 .debug_macro   0x0000000000000000      0x212 Core/Src/controller.o
 .debug_macro   0x0000000000000212      0xa48 Core/Src/controller.o
 .debug_macro   0x0000000000000c5a      0x12b Core/Src/controller.o
 .debug_macro   0x0000000000000d85       0x2e Core/Src/controller.o
 .debug_macro   0x0000000000000db3       0x28 Core/Src/controller.o
 .debug_macro   0x0000000000000ddb       0x22 Core/Src/controller.o
 .debug_macro   0x0000000000000dfd       0x8e Core/Src/controller.o
 .debug_macro   0x0000000000000e8b       0x51 Core/Src/controller.o
 .debug_macro   0x0000000000000edc       0xef Core/Src/controller.o
 .debug_macro   0x0000000000000fcb       0x6a Core/Src/controller.o
 .debug_macro   0x0000000000001035      0x1df Core/Src/controller.o
 .debug_macro   0x0000000000001214       0x1c Core/Src/controller.o
 .debug_macro   0x0000000000001230       0x22 Core/Src/controller.o
 .debug_macro   0x0000000000001252       0xb5 Core/Src/controller.o
 .debug_macro   0x0000000000001307      0x4da Core/Src/controller.o
 .debug_macro   0x00000000000017e1      0x11f Core/Src/controller.o
 .debug_macro   0x0000000000001900     0x9d1b Core/Src/controller.o
 .debug_macro   0x000000000000b61b       0x66 Core/Src/controller.o
 .debug_macro   0x000000000000b681     0x355c Core/Src/controller.o
 .debug_macro   0x000000000000ebdd      0x174 Core/Src/controller.o
 .debug_macro   0x000000000000ed51       0x5b Core/Src/controller.o
 .debug_macro   0x000000000000edac      0x8e4 Core/Src/controller.o
 .debug_macro   0x000000000000f690      0x9d2 Core/Src/controller.o
 .debug_macro   0x0000000000010062      0x190 Core/Src/controller.o
 .debug_macro   0x00000000000101f2      0x13f Core/Src/controller.o
 .debug_macro   0x0000000000010331      0x17d Core/Src/controller.o
 .debug_macro   0x00000000000104ae       0x82 Core/Src/controller.o
 .debug_macro   0x0000000000010530      0x28e Core/Src/controller.o
 .debug_macro   0x00000000000107be      0x1e9 Core/Src/controller.o
 .debug_macro   0x00000000000109a7      0x129 Core/Src/controller.o
 .debug_macro   0x0000000000010ad0      0x2b4 Core/Src/controller.o
 .debug_macro   0x0000000000010d84      0x22c Core/Src/controller.o
 .debug_macro   0x0000000000010fb0       0x5b Core/Src/controller.o
 .debug_macro   0x000000000001100b       0xa5 Core/Src/controller.o
 .debug_macro   0x00000000000110b0      0x25c Core/Src/controller.o
 .debug_macro   0x000000000001130c      0x187 Core/Src/controller.o
 .debug_macro   0x0000000000011493       0x16 Core/Src/controller.o
 .debug_macro   0x00000000000114a9      0x773 Core/Src/controller.o
 .debug_macro   0x0000000000011c1c       0xcc Core/Src/controller.o
 .debug_macro   0x0000000000011ce8      0x5ba Core/Src/controller.o
 .debug_macro   0x00000000000122a2       0x44 Core/Src/controller.o
 .debug_macro   0x00000000000122e6      0x16c Core/Src/controller.o
 .debug_macro   0x0000000000012452       0x88 Core/Src/controller.o
 .debug_macro   0x00000000000124da       0x4c Core/Src/controller.o
 .debug_macro   0x0000000000012526       0x7c Core/Src/global_config.o
 .debug_macro   0x00000000000125a2       0x46 Core/Src/global_config.o
 .debug_macro   0x00000000000125e8      0x205 Core/Src/gpio.o
 .debug_macro   0x00000000000127ed      0x205 Core/Src/lptim.o
 .debug_macro   0x00000000000129f2      0x234 Core/Src/main.o
 .debug_macro   0x0000000000012c26      0x234 Core/Src/state_machine.o
 .debug_macro   0x0000000000012e5a      0x1fb Core/Src/stm32l0xx_hal_msp.o
 .debug_macro   0x0000000000013055      0x205 Core/Src/stm32l0xx_it.o
 .debug_macro   0x000000000001325a      0x1d8 Core/Src/system_stm32l0xx.o
 .debug_macro   0x0000000000013432      0x205 Core/Src/tim.o
 .debug_macro   0x0000000000013637      0x205 Core/Src/usart.o
 .debug_macro   0x000000000001383c      0x1fc Drivers/STM32L0xx_HAL_Driver/Src/stm32l0xx_hal.o
 .debug_macro   0x0000000000013a38      0x1d8 Drivers/STM32L0xx_HAL_Driver/Src/stm32l0xx_hal_cortex.o
 .debug_macro   0x0000000000013c10      0x1d8 Drivers/STM32L0xx_HAL_Driver/Src/stm32l0xx_hal_dma.o
 .debug_macro   0x0000000000013de8      0x1df Drivers/STM32L0xx_HAL_Driver/Src/stm32l0xx_hal_gpio.o
 .debug_macro   0x0000000000013fc7      0x1e0 Drivers/STM32L0xx_HAL_Driver/Src/stm32l0xx_hal_lptim.o
 .debug_macro   0x00000000000141a7      0x20e Drivers/STM32L0xx_HAL_Driver/Src/stm32l0xx_hal_rcc.o
 .debug_macro   0x00000000000143b5      0x1d8 Drivers/STM32L0xx_HAL_Driver/Src/stm32l0xx_hal_rcc_ex.o
 .debug_macro   0x000000000001458d      0x1d9 Drivers/STM32L0xx_HAL_Driver/Src/stm32l0xx_hal_tim.o
 .debug_macro   0x0000000000014766      0x1d8 Drivers/STM32L0xx_HAL_Driver/Src/stm32l0xx_hal_tim_ex.o
 .debug_macro   0x000000000001493e      0x203 Drivers/STM32L0xx_HAL_Driver/Src/stm32l0xx_hal_uart.o
 .debug_macro   0x0000000000014b41      0x1d8 Drivers/STM32L0xx_HAL_Driver/Src/stm32l0xx_hal_uart_ex.o

.debug_line     0x0000000000000000     0xe367
 .debug_line    0x0000000000000000      0x786 Core/Src/controller.o
 .debug_line    0x0000000000000786      0x3c9 Core/Src/global_config.o
 .debug_line    0x0000000000000b4f      0x764 Core/Src/gpio.o
 .debug_line    0x00000000000012b3      0x789 Core/Src/lptim.o
 .debug_line    0x0000000000001a3c      0x826 Core/Src/main.o
 .debug_line    0x0000000000002262      0x882 Core/Src/state_machine.o
 .debug_line    0x0000000000002ae4      0x74e Core/Src/stm32l0xx_hal_msp.o
 .debug_line    0x0000000000003232      0x7cb Core/Src/stm32l0xx_it.o
 .debug_line    0x00000000000039fd      0x753 Core/Src/system_stm32l0xx.o
 .debug_line    0x0000000000004150      0x84b Core/Src/tim.o
 .debug_line    0x000000000000499b      0x78a Core/Src/usart.o
 .debug_line    0x0000000000005125       0x89 Core/Startup/startup_stm32l053r8tx.o
 .debug_line    0x00000000000051ae      0x977 Drivers/STM32L0xx_HAL_Driver/Src/stm32l0xx_hal.o
 .debug_line    0x0000000000005b25      0x971 Drivers/STM32L0xx_HAL_Driver/Src/stm32l0xx_hal_cortex.o
 .debug_line    0x0000000000006496      0x935 Drivers/STM32L0xx_HAL_Driver/Src/stm32l0xx_hal_dma.o
 .debug_line    0x0000000000006dcb      0x8ab Drivers/STM32L0xx_HAL_Driver/Src/stm32l0xx_hal_gpio.o
 .debug_line    0x0000000000007676      0xbdf Drivers/STM32L0xx_HAL_Driver/Src/stm32l0xx_hal_lptim.o
 .debug_line    0x0000000000008255      0x9f8 Drivers/STM32L0xx_HAL_Driver/Src/stm32l0xx_hal_rcc.o
 .debug_line    0x0000000000008c4d      0xa3e Drivers/STM32L0xx_HAL_Driver/Src/stm32l0xx_hal_rcc_ex.o
 .debug_line    0x000000000000968b     0x1c9f Drivers/STM32L0xx_HAL_Driver/Src/stm32l0xx_hal_tim.o
 .debug_line    0x000000000000b32a      0x7ac Drivers/STM32L0xx_HAL_Driver/Src/stm32l0xx_hal_tim_ex.o
 .debug_line    0x000000000000bad6     0x1da9 Drivers/STM32L0xx_HAL_Driver/Src/stm32l0xx_hal_uart.o
 .debug_line    0x000000000000d87f      0xae8 Drivers/STM32L0xx_HAL_Driver/Src/stm32l0xx_hal_uart_ex.o

.debug_str      0x0000000000000000    0x7d65d
 .debug_str     0x0000000000000000    0x79abb Core/Src/controller.o
                                      0x79e6c (size before relaxing)
 .debug_str     0x0000000000079abb       0x5f Core/Src/global_config.o
                                       0x3d38 (size before relaxing)
 .debug_str     0x0000000000079b1a      0x14a Core/Src/gpio.o
                                      0x798ca (size before relaxing)
 .debug_str     0x0000000000079c64      0x340 Core/Src/lptim.o
                                      0x79c86 (size before relaxing)
 .debug_str     0x0000000000079fa4      0x4f1 Core/Src/main.o
                                      0x7a4f1 (size before relaxing)
 .debug_str     0x000000000007a495      0x166 Core/Src/state_machine.o
                                      0x7a3a0 (size before relaxing)
 .debug_str     0x000000000007a5fb       0x2c Core/Src/stm32l0xx_hal_msp.o
                                      0x7983a (size before relaxing)
 .debug_str     0x000000000007a627       0x9a Core/Src/stm32l0xx_it.o
                                      0x79dda (size before relaxing)
 .debug_str     0x000000000007a6c1       0x61 Core/Src/system_stm32l0xx.o
                                      0x7967d (size before relaxing)
 .debug_str     0x000000000007a722      0x188 Core/Src/tim.o
                                      0x79f24 (size before relaxing)
 .debug_str     0x000000000007a8aa       0x57 Core/Src/usart.o
                                      0x79e99 (size before relaxing)
 .debug_str     0x000000000007a901       0x36 Core/Startup/startup_stm32l053r8tx.o
                                         0x78 (size before relaxing)
 .debug_str     0x000000000007a937      0x409 Drivers/STM32L0xx_HAL_Driver/Src/stm32l0xx_hal.o
                                      0x79cf9 (size before relaxing)
 .debug_str     0x000000000007ad40      0x2ee Drivers/STM32L0xx_HAL_Driver/Src/stm32l0xx_hal_cortex.o
                                      0x79b0e (size before relaxing)
 .debug_str     0x000000000007b02e      0x267 Drivers/STM32L0xx_HAL_Driver/Src/stm32l0xx_hal_dma.o
                                      0x79a2f (size before relaxing)
 .debug_str     0x000000000007b295      0x137 Drivers/STM32L0xx_HAL_Driver/Src/stm32l0xx_hal_gpio.o
                                      0x79867 (size before relaxing)
 .debug_str     0x000000000007b3cc      0x445 Drivers/STM32L0xx_HAL_Driver/Src/stm32l0xx_hal_lptim.o
                                      0x79cff (size before relaxing)
 .debug_str     0x000000000007b811      0x2d8 Drivers/STM32L0xx_HAL_Driver/Src/stm32l0xx_hal_rcc.o
                                      0x79b88 (size before relaxing)
 .debug_str     0x000000000007bae9      0x358 Drivers/STM32L0xx_HAL_Driver/Src/stm32l0xx_hal_rcc_ex.o
                                      0x79b4b (size before relaxing)
 .debug_str     0x000000000007be41      0xd2f Drivers/STM32L0xx_HAL_Driver/Src/stm32l0xx_hal_tim.o
                                      0x7a96d (size before relaxing)
 .debug_str     0x000000000007cb70       0x7d Drivers/STM32L0xx_HAL_Driver/Src/stm32l0xx_hal_tim_ex.o
                                      0x79b44 (size before relaxing)
 .debug_str     0x000000000007cbed      0x893 Drivers/STM32L0xx_HAL_Driver/Src/stm32l0xx_hal_uart.o
                                      0x7a3a4 (size before relaxing)
 .debug_str     0x000000000007d480      0x1dd Drivers/STM32L0xx_HAL_Driver/Src/stm32l0xx_hal_uart_ex.o
                                      0x79c3e (size before relaxing)

.comment        0x0000000000000000       0x7b
 .comment       0x0000000000000000       0x7b Core/Src/controller.o
                                         0x7c (size before relaxing)
 .comment       0x000000000000007b       0x7c Core/Src/global_config.o
 .comment       0x000000000000007b       0x7c Core/Src/gpio.o
 .comment       0x000000000000007b       0x7c Core/Src/lptim.o
 .comment       0x000000000000007b       0x7c Core/Src/main.o
 .comment       0x000000000000007b       0x7c Core/Src/state_machine.o
 .comment       0x000000000000007b       0x7c Core/Src/stm32l0xx_hal_msp.o
 .comment       0x000000000000007b       0x7c Core/Src/stm32l0xx_it.o
 .comment       0x000000000000007b       0x7c Core/Src/system_stm32l0xx.o
 .comment       0x000000000000007b       0x7c Core/Src/tim.o
 .comment       0x000000000000007b       0x7c Core/Src/usart.o
 .comment       0x000000000000007b       0x7c Drivers/STM32L0xx_HAL_Driver/Src/stm32l0xx_hal.o
 .comment       0x000000000000007b       0x7c Drivers/STM32L0xx_HAL_Driver/Src/stm32l0xx_hal_cortex.o
 .comment       0x000000000000007b       0x7c Drivers/STM32L0xx_HAL_Driver/Src/stm32l0xx_hal_dma.o
 .comment       0x000000000000007b       0x7c Drivers/STM32L0xx_HAL_Driver/Src/stm32l0xx_hal_gpio.o
 .comment       0x000000000000007b       0x7c Drivers/STM32L0xx_HAL_Driver/Src/stm32l0xx_hal_lptim.o
 .comment       0x000000000000007b       0x7c Drivers/STM32L0xx_HAL_Driver/Src/stm32l0xx_hal_rcc.o
 .comment       0x000000000000007b       0x7c Drivers/STM32L0xx_HAL_Driver/Src/stm32l0xx_hal_rcc_ex.o
 .comment       0x000000000000007b       0x7c Drivers/STM32L0xx_HAL_Driver/Src/stm32l0xx_hal_tim.o
 .comment       0x000000000000007b       0x7c Drivers/STM32L0xx_HAL_Driver/Src/stm32l0xx_hal_tim_ex.o
 .comment       0x000000000000007b       0x7c Drivers/STM32L0xx_HAL_Driver/Src/stm32l0xx_hal_uart.o
 .comment       0x000000000000007b       0x7c Drivers/STM32L0xx_HAL_Driver/Src/stm32l0xx_hal_uart_ex.o

.debug_frame    0x0000000000000000     0x340c
 .debug_frame   0x0000000000000000       0x4c Core/Src/controller.o
 .debug_frame   0x000000000000004c       0x30 Core/Src/gpio.o
 .debug_frame   0x000000000000007c       0x6c Core/Src/lptim.o
 .debug_frame   0x00000000000000e8       0xc8 Core/Src/main.o
 .debug_frame   0x00000000000001b0      0x170 Core/Src/state_machine.o
 .debug_frame   0x0000000000000320       0x2c Core/Src/stm32l0xx_hal_msp.o
 .debug_frame   0x000000000000034c       0xd4 Core/Src/stm32l0xx_it.o
 .debug_frame   0x0000000000000420       0x4c Core/Src/system_stm32l0xx.o
 .debug_frame   0x000000000000046c      0x110 Core/Src/tim.o
 .debug_frame   0x000000000000057c       0x6c Core/Src/usart.o
 .debug_frame   0x00000000000005e8      0x394 Drivers/STM32L0xx_HAL_Driver/Src/stm32l0xx_hal.o
 .debug_frame   0x000000000000097c      0x2fc Drivers/STM32L0xx_HAL_Driver/Src/stm32l0xx_hal_cortex.o
 .debug_frame   0x0000000000000c78      0x1b0 Drivers/STM32L0xx_HAL_Driver/Src/stm32l0xx_hal_dma.o
 .debug_frame   0x0000000000000e28      0x110 Drivers/STM32L0xx_HAL_Driver/Src/stm32l0xx_hal_gpio.o
 .debug_frame   0x0000000000000f38      0x550 Drivers/STM32L0xx_HAL_Driver/Src/stm32l0xx_hal_lptim.o
 .debug_frame   0x0000000000001488      0x1a8 Drivers/STM32L0xx_HAL_Driver/Src/stm32l0xx_hal_rcc.o
 .debug_frame   0x0000000000001630      0x244 Drivers/STM32L0xx_HAL_Driver/Src/stm32l0xx_hal_rcc_ex.o
 .debug_frame   0x0000000000001874      0xef8 Drivers/STM32L0xx_HAL_Driver/Src/stm32l0xx_hal_tim.o
 .debug_frame   0x000000000000276c       0x50 Drivers/STM32L0xx_HAL_Driver/Src/stm32l0xx_hal_tim_ex.o
 .debug_frame   0x00000000000027bc      0x854 Drivers/STM32L0xx_HAL_Driver/Src/stm32l0xx_hal_uart.o
 .debug_frame   0x0000000000003010      0x198 Drivers/STM32L0xx_HAL_Driver/Src/stm32l0xx_hal_uart_ex.o
 .debug_frame   0x00000000000031a8       0x2c d:/programme/stm32cubeide_1.5.1/stm32cubeide/plugins/com.st.stm32cube.ide.mcu.externaltools.gnu-tools-for-stm32.7-2018-q2-update.win32_1.5.0.202011040924/tools/bin/../lib/gcc/arm-none-eabi/7.3.1/../../../../arm-none-eabi/lib/thumb/v6-m\libc_nano.a(lib_a-init.o)
 .debug_frame   0x00000000000031d4       0x20 d:/programme/stm32cubeide_1.5.1/stm32cubeide/plugins/com.st.stm32cube.ide.mcu.externaltools.gnu-tools-for-stm32.7-2018-q2-update.win32_1.5.0.202011040924/tools/bin/../lib/gcc/arm-none-eabi/7.3.1/../../../../arm-none-eabi/lib/thumb/v6-m\libc_nano.a(lib_a-memset.o)
 .debug_frame   0x00000000000031f4       0x20 d:/programme/stm32cubeide_1.5.1/stm32cubeide/plugins/com.st.stm32cube.ide.mcu.externaltools.gnu-tools-for-stm32.7-2018-q2-update.win32_1.5.0.202011040924/tools/bin/../lib/gcc/arm-none-eabi/7.3.1/thumb/v6-m\libgcc.a(_udivsi3.o)
 .debug_frame   0x0000000000003214       0x34 d:/programme/stm32cubeide_1.5.1/stm32cubeide/plugins/com.st.stm32cube.ide.mcu.externaltools.gnu-tools-for-stm32.7-2018-q2-update.win32_1.5.0.202011040924/tools/bin/../lib/gcc/arm-none-eabi/7.3.1/thumb/v6-m\libgcc.a(_muldi3.o)
 .debug_frame   0x0000000000003248       0x3c d:/programme/stm32cubeide_1.5.1/stm32cubeide/plugins/com.st.stm32cube.ide.mcu.externaltools.gnu-tools-for-stm32.7-2018-q2-update.win32_1.5.0.202011040924/tools/bin/../lib/gcc/arm-none-eabi/7.3.1/thumb/v6-m\libgcc.a(_udivmoddi4.o)
 .debug_frame   0x0000000000003284       0x38 d:/programme/stm32cubeide_1.5.1/stm32cubeide/plugins/com.st.stm32cube.ide.mcu.externaltools.gnu-tools-for-stm32.7-2018-q2-update.win32_1.5.0.202011040924/tools/bin/../lib/gcc/arm-none-eabi/7.3.1/thumb/v6-m\libgcc.a(addsf3.o)
 .debug_frame   0x00000000000032bc       0x2c d:/programme/stm32cubeide_1.5.1/stm32cubeide/plugins/com.st.stm32cube.ide.mcu.externaltools.gnu-tools-for-stm32.7-2018-q2-update.win32_1.5.0.202011040924/tools/bin/../lib/gcc/arm-none-eabi/7.3.1/thumb/v6-m\libgcc.a(eqsf2.o)
 .debug_frame   0x00000000000032e8       0x2c d:/programme/stm32cubeide_1.5.1/stm32cubeide/plugins/com.st.stm32cube.ide.mcu.externaltools.gnu-tools-for-stm32.7-2018-q2-update.win32_1.5.0.202011040924/tools/bin/../lib/gcc/arm-none-eabi/7.3.1/thumb/v6-m\libgcc.a(gesf2.o)
 .debug_frame   0x0000000000003314       0x2c d:/programme/stm32cubeide_1.5.1/stm32cubeide/plugins/com.st.stm32cube.ide.mcu.externaltools.gnu-tools-for-stm32.7-2018-q2-update.win32_1.5.0.202011040924/tools/bin/../lib/gcc/arm-none-eabi/7.3.1/thumb/v6-m\libgcc.a(lesf2.o)
 .debug_frame   0x0000000000003340       0x3c d:/programme/stm32cubeide_1.5.1/stm32cubeide/plugins/com.st.stm32cube.ide.mcu.externaltools.gnu-tools-for-stm32.7-2018-q2-update.win32_1.5.0.202011040924/tools/bin/../lib/gcc/arm-none-eabi/7.3.1/thumb/v6-m\libgcc.a(mulsf3.o)
 .debug_frame   0x000000000000337c       0x38 d:/programme/stm32cubeide_1.5.1/stm32cubeide/plugins/com.st.stm32cube.ide.mcu.externaltools.gnu-tools-for-stm32.7-2018-q2-update.win32_1.5.0.202011040924/tools/bin/../lib/gcc/arm-none-eabi/7.3.1/thumb/v6-m\libgcc.a(subsf3.o)
 .debug_frame   0x00000000000033b4       0x2c d:/programme/stm32cubeide_1.5.1/stm32cubeide/plugins/com.st.stm32cube.ide.mcu.externaltools.gnu-tools-for-stm32.7-2018-q2-update.win32_1.5.0.202011040924/tools/bin/../lib/gcc/arm-none-eabi/7.3.1/thumb/v6-m\libgcc.a(floatsisf.o)
 .debug_frame   0x00000000000033e0       0x2c d:/programme/stm32cubeide_1.5.1/stm32cubeide/plugins/com.st.stm32cube.ide.mcu.externaltools.gnu-tools-for-stm32.7-2018-q2-update.win32_1.5.0.202011040924/tools/bin/../lib/gcc/arm-none-eabi/7.3.1/thumb/v6-m\libgcc.a(floatunsisf.o)
