knx_receive_telegram.c:10:6:is_knx_controlbyte	16	static
knx_receive_telegram.c:14:9:get_payload_length	24	static
knx_receive_telegram.c:19:6:is_target_group	16	static
knx_receive_telegram.c:23:9:get_target_maingroup	16	static
knx_receive_telegram.c:27:9:get_target_middlegroup	16	static
knx_receive_telegram.c:31:9:get_target_subgroup	16	static
knx_receive_telegram.c:35:6:check_interest	32	static
knx_receive_telegram.c:43:6:clear_flags	8	static
knx_receive_telegram.c:50:6:add_listen_group_address	40	static
knx_receive_telegram.c:66:6:is_listening_to_group_address	32	static
