state_machine.c:20:6:statemachine_process	8	static
state_machine.c:52:6:statemachine_standby_state	8	static
state_machine.c:59:6:statemachine_init_state	8	static
state_machine.c:67:6:statemachine_set_state	48	static
state_machine.c:73:6:statemachine_standard_state	8	static
state_machine.c:85:6:statemachine_controlled_state	8	static
state_machine.c:93:6:statemachine_uart	8	static
state_machine.c:124:6:start_timers	8	static
state_machine.c:136:6:reset_all_pwm	24	static
state_machine.c:140:6:stop_timers	8	static
state_machine.c:151:6:set_pwm	24	static
state_machine.c:162:6:switch_direction	8	static
state_machine.c:169:6:toggle_all_gpio	8	static
