controller.c:19:10:pi_controller	16	static
controller.c:49:6:adjust_pwm_value	0	static
controller.c:56:6:start_all_timers	8	static
controller.c:68:6:stop_all_timers	8	static
controller.c:85:6:set_pwm_not_controlgroup	12	static
controller.c:93:6:set_all_pwm	0	static
controller.c:80:6:reset_all_pwm	8	static
controller.c:116:6:toggle_all_gpio	24	static
controller.c:110:6:switch_all_directions	8	static
controller.c:127:6:toggle_gpio_not_controlgroup	16	static
controller.c:104:6:switch_directions_not_controlgroup	16	static
