knx_receive_telegram.c:12:6:is_knx_controlbyte	0	static
knx_receive_telegram.c:16:9:get_payload_length	0	static
knx_receive_telegram.c:21:6:is_target_group	0	static
knx_receive_telegram.c:25:9:get_target_maingroup	0	static
knx_receive_telegram.c:29:9:get_target_middlegroup	0	static
knx_receive_telegram.c:33:9:get_target_subgroup	0	static
knx_receive_telegram.c:37:7:get_2byte_float_value	24	static
knx_receive_telegram.c:49:6:check_for_controlbyte	24	dynamic
knx_receive_telegram.c:69:6:add_listen_group_address	24	static
knx_receive_telegram.c:104:6:is_listening_to_group_address	20	static
knx_receive_telegram.c:59:6:check_interest	8	static
