statemachine_process.c:50:6:statemachine_standby_state	8	static
statemachine_process.c:57:6:statemachine_init_state	8	static
statemachine_process.c:66:6:statemachine_set_state	8	static
statemachine_process.c:72:6:statemachine_idle_state	8	static
statemachine_process.c:93:6:statemachine_controlled_state	8	static
statemachine_process.c:19:6:statemachine_process	8	static
statemachine_process.c:117:6:set_flag_switch_direction_demand	0	static
statemachine_process.c:121:6:set_flag_fans_spun_out	0	static
